Archive member included to satisfy reference by file (symbol)

C:/ST/STM32CubeIDE_1.19.0/STM32CubeIDE/plugins/com.st.stm32cube.ide.mcu.externaltools.gnu-tools-for-stm32.13.3.rel1.win32_1.0.0.202411081344/tools/bin/../lib/gcc/arm-none-eabi/13.3.1/../../../../arm-none-eabi/lib/thumb/v7e-m+fp/hard\libc_nano.a(libc_a-calloc.o)
                              ./Middlewares/Third_Party/mbedTLS/library/asn1parse.o (calloc)
C:/ST/STM32CubeIDE_1.19.0/STM32CubeIDE/plugins/com.st.stm32cube.ide.mcu.externaltools.gnu-tools-for-stm32.13.3.rel1.win32_1.0.0.202411081344/tools/bin/../lib/gcc/arm-none-eabi/13.3.1/../../../../arm-none-eabi/lib/thumb/v7e-m+fp/hard\libc_nano.a(libc_a-callocr.o)
                              C:/ST/STM32CubeIDE_1.19.0/STM32CubeIDE/plugins/com.st.stm32cube.ide.mcu.externaltools.gnu-tools-for-stm32.13.3.rel1.win32_1.0.0.202411081344/tools/bin/../lib/gcc/arm-none-eabi/13.3.1/../../../../arm-none-eabi/lib/thumb/v7e-m+fp/hard\libc_nano.a(libc_a-calloc.o) (_calloc_r)
C:/ST/STM32CubeIDE_1.19.0/STM32CubeIDE/plugins/com.st.stm32cube.ide.mcu.externaltools.gnu-tools-for-stm32.13.3.rel1.win32_1.0.0.202411081344/tools/bin/../lib/gcc/arm-none-eabi/13.3.1/../../../../arm-none-eabi/lib/thumb/v7e-m+fp/hard\libc_nano.a(libc_a-exit.o)
                              C:/ST/STM32CubeIDE_1.19.0/STM32CubeIDE/plugins/com.st.stm32cube.ide.mcu.externaltools.gnu-tools-for-stm32.13.3.rel1.win32_1.0.0.202411081344/tools/bin/../lib/gcc/arm-none-eabi/13.3.1/../../../../arm-none-eabi/lib/thumb/v7e-m+fp/hard/crt0.o (exit)
C:/ST/STM32CubeIDE_1.19.0/STM32CubeIDE/plugins/com.st.stm32cube.ide.mcu.externaltools.gnu-tools-for-stm32.13.3.rel1.win32_1.0.0.202411081344/tools/bin/../lib/gcc/arm-none-eabi/13.3.1/../../../../arm-none-eabi/lib/thumb/v7e-m+fp/hard\libc_nano.a(libc_a-malloc.o)
                              ./Middlewares/Third_Party/mbedTLS/library/asn1parse.o (free)
C:/ST/STM32CubeIDE_1.19.0/STM32CubeIDE/plugins/com.st.stm32cube.ide.mcu.externaltools.gnu-tools-for-stm32.13.3.rel1.win32_1.0.0.202411081344/tools/bin/../lib/gcc/arm-none-eabi/13.3.1/../../../../arm-none-eabi/lib/thumb/v7e-m+fp/hard\libc_nano.a(libc_a-mallocr.o)
                              C:/ST/STM32CubeIDE_1.19.0/STM32CubeIDE/plugins/com.st.stm32cube.ide.mcu.externaltools.gnu-tools-for-stm32.13.3.rel1.win32_1.0.0.202411081344/tools/bin/../lib/gcc/arm-none-eabi/13.3.1/../../../../arm-none-eabi/lib/thumb/v7e-m+fp/hard\libc_nano.a(libc_a-callocr.o) (_malloc_r)
C:/ST/STM32CubeIDE_1.19.0/STM32CubeIDE/plugins/com.st.stm32cube.ide.mcu.externaltools.gnu-tools-for-stm32.13.3.rel1.win32_1.0.0.202411081344/tools/bin/../lib/gcc/arm-none-eabi/13.3.1/../../../../arm-none-eabi/lib/thumb/v7e-m+fp/hard\libc_nano.a(libc_a-mlock.o)
                              C:/ST/STM32CubeIDE_1.19.0/STM32CubeIDE/plugins/com.st.stm32cube.ide.mcu.externaltools.gnu-tools-for-stm32.13.3.rel1.win32_1.0.0.202411081344/tools/bin/../lib/gcc/arm-none-eabi/13.3.1/../../../../arm-none-eabi/lib/thumb/v7e-m+fp/hard\libc_nano.a(libc_a-mallocr.o) (__malloc_lock)
C:/ST/STM32CubeIDE_1.19.0/STM32CubeIDE/plugins/com.st.stm32cube.ide.mcu.externaltools.gnu-tools-for-stm32.13.3.rel1.win32_1.0.0.202411081344/tools/bin/../lib/gcc/arm-none-eabi/13.3.1/../../../../arm-none-eabi/lib/thumb/v7e-m+fp/hard\libc_nano.a(libc_a-findfp.o)
                              C:/ST/STM32CubeIDE_1.19.0/STM32CubeIDE/plugins/com.st.stm32cube.ide.mcu.externaltools.gnu-tools-for-stm32.13.3.rel1.win32_1.0.0.202411081344/tools/bin/../lib/gcc/arm-none-eabi/13.3.1/../../../../arm-none-eabi/lib/thumb/v7e-m+fp/hard\libc_nano.a(libc_a-exit.o) (__stdio_exit_handler)
C:/ST/STM32CubeIDE_1.19.0/STM32CubeIDE/plugins/com.st.stm32cube.ide.mcu.externaltools.gnu-tools-for-stm32.13.3.rel1.win32_1.0.0.202411081344/tools/bin/../lib/gcc/arm-none-eabi/13.3.1/../../../../arm-none-eabi/lib/thumb/v7e-m+fp/hard\libc_nano.a(libc_a-fwalk.o)
                              C:/ST/STM32CubeIDE_1.19.0/STM32CubeIDE/plugins/com.st.stm32cube.ide.mcu.externaltools.gnu-tools-for-stm32.13.3.rel1.win32_1.0.0.202411081344/tools/bin/../lib/gcc/arm-none-eabi/13.3.1/../../../../arm-none-eabi/lib/thumb/v7e-m+fp/hard\libc_nano.a(libc_a-findfp.o) (_fwalk_sglue)
C:/ST/STM32CubeIDE_1.19.0/STM32CubeIDE/plugins/com.st.stm32cube.ide.mcu.externaltools.gnu-tools-for-stm32.13.3.rel1.win32_1.0.0.202411081344/tools/bin/../lib/gcc/arm-none-eabi/13.3.1/../../../../arm-none-eabi/lib/thumb/v7e-m+fp/hard\libc_nano.a(libc_a-printf.o)
                              ./Core/Src/main.o (printf)
C:/ST/STM32CubeIDE_1.19.0/STM32CubeIDE/plugins/com.st.stm32cube.ide.mcu.externaltools.gnu-tools-for-stm32.13.3.rel1.win32_1.0.0.202411081344/tools/bin/../lib/gcc/arm-none-eabi/13.3.1/../../../../arm-none-eabi/lib/thumb/v7e-m+fp/hard\libc_nano.a(libc_a-puts.o)
                              ./Core/Src/main.o (puts)
[...]
Memory Configuration

Name             Origin             Length             Attributes
RAM              0x20000000         0x00020000         xrw
FLASH            0x08000000         0x00080000         xr
*default*        0x00000000         0xffffffff

Linker script and memory map

LOAD C:/ST/STM32CubeIDE_1.19.0/STM32CubeIDE/plugins/com.st.stm32cube.ide.mcu.externaltools.gnu-tools-for-stm32.13.3.rel1.win32_1.0.0.202411081344/tools/bin/../lib/gcc/arm-none-eabi/13.3.1/thumb/v7e-m+fp/hard/crti.o
LOAD C:/ST/STM32CubeIDE_1.19.0/STM32CubeIDE/plugins/com.st.stm32cube.ide.mcu.externaltools.gnu-tools-for-stm32.13.3.rel1.win32_1.0.0.202411081344/tools/bin/../lib/gcc/arm-none-eabi/13.3.1/thumb/v7e-m+fp/hard/crtbegin.o
LOAD C:/ST/STM32CubeIDE_1.19.0/STM32CubeIDE/plugins/com.st.stm32cube.ide.mcu.externaltools.gnu-tools-for-stm32.13.3.rel1.win32_1.0.0.202411081344/tools/bin/../lib/gcc/arm-none-eabi/13.3.1/../../../../arm-none-eabi/lib/thumb/v7e-m+fp/hard/crt0.o
LOAD ./Core/Src/freertos.o
LOAD ./Core/Src/main.o
LOAD ./Core/Src/stm32f4xx_hal_msp.o
LOAD ./Core/Src/stm32f4xx_it.o
LOAD ./Core/Src/syscalls.o
LOAD ./Core/Src/sysmem.o
LOAD ./Core/Src/system_stm32f4xx.o
LOAD ./Core/Startup/startup_stm32f446retx.o
LOAD ./Drivers/STM32F4xx_HAL_Driver/Src/stm32f4xx_hal.o
LOAD ./Drivers/STM32F4xx_HAL_Driver/Src/stm32f4xx_hal_adc.o
LOAD ./Drivers/STM32F4xx_HAL_Driver/Src/stm32f4xx_hal_adc_ex.o
LOAD ./Drivers/STM32F4xx_HAL_Driver/Src/stm32f4xx_hal_cortex.o
LOAD ./Drivers/STM32F4xx_HAL_Driver/Src/stm32f4xx_hal_dma.o
LOAD ./Drivers/STM32F4xx_HAL_Driver/Src/stm32f4xx_hal_dma_ex.o
LOAD ./Drivers/STM32F4xx_HAL_Driver/Src/stm32f4xx_hal_exti.o
LOAD ./Drivers/STM32F4xx_HAL_Driver/Src/stm32f4xx_hal_flash.o
LOAD ./Drivers/STM32F4xx_HAL_Driver/Src/stm32f4xx_hal_flash_ex.o
LOAD ./Drivers/STM32F4xx_HAL_Driver/Src/stm32f4xx_hal_flash_ramfunc.o
LOAD ./Drivers/STM32F4xx_HAL_Driver/Src/stm32f4xx_hal_gpio.o
LOAD ./Drivers/STM32F4xx_HAL_Driver/Src/stm32f4xx_hal_pwr.o
LOAD ./Drivers/STM32F4xx_HAL_Driver/Src/stm32f4xx_hal_pwr_ex.o
LOAD ./Drivers/STM32F4xx_HAL_Driver/Src/stm32f4xx_hal_rcc.o
LOAD ./Drivers/STM32F4xx_HAL_Driver/Src/stm32f4xx_hal_rcc_ex.o
LOAD ./Drivers/STM32F4xx_HAL_Driver/Src/stm32f4xx_hal_uart.o
LOAD ./Drivers/STM32F4xx_HAL_Driver/Src/stm32f4xx_ll_adc.o
LOAD ./MBEDTLS/App/mbedtls.o
LOAD ./Middlewares/Third_Party/FreeRTOS/Source/CMSIS_RTOS/cmsis_os.o
LOAD ./Middlewares/Third_Party/FreeRTOS/Source/croutine.o
LOAD ./Middlewares/Third_Party/FreeRTOS/Source/event_groups.o
LOAD ./Middlewares/Third_Party/FreeRTOS/Source/list.o
LOAD ./Middlewares/Third_Party/FreeRTOS/Source/queue.o
LOAD ./Middlewares/Third_Party/FreeRTOS/Source/stream_buffer.o
LOAD ./Middlewares/Third_Party/FreeRTOS/Source/tasks.o
LOAD ./Middlewares/Third_Party/FreeRTOS/Source/timers.o
LOAD ./Middlewares/Third_Party/FreeRTOS/Source/portable/GCC/ARM_CM4F/port.o
LOAD ./Middlewares/Third_Party/FreeRTOS/Source/portable/MemMang/heap_4.o
LOAD ./Middlewares/Third_Party/mbedTLS/library/aes.o
LOAD ./Middlewares/Third_Party/mbedTLS/library/asn1parse.o
LOAD ./Middlewares/Third_Party/mbedTLS/library/asn1write.o
LOAD ./Middlewares/Third_Party/mbedTLS/library/base64.o
LOAD ./Middlewares/Third_Party/mbedTLS/library/bignum.o
LOAD ./Middlewares/Third_Party/mbedTLS/library/camellia.o
LOAD ./Middlewares/Third_Party/mbedTLS/library/certs.o
LOAD ./Middlewares/Third_Party/mbedTLS/library/chacha20.o
LOAD ./Middlewares/Third_Party/mbedTLS/library/chachapoly.o
LOAD ./Middlewares/Third_Party/mbedTLS/library/cipher.o
LOAD ./Middlewares/Third_Party/mbedTLS/library/cipher_wrap.o
LOAD ./Middlewares/Third_Party/mbedTLS/library/ctr_drbg.o
LOAD ./Middlewares/Third_Party/mbedTLS/library/dhm.o
LOAD ./Middlewares/Third_Party/mbedTLS/library/ecdh.o
LOAD ./Middlewares/Third_Party/mbedTLS/library/ecdsa.o
LOAD ./Middlewares/Third_Party/mbedTLS/library/ecp.o
LOAD ./Middlewares/Third_Party/mbedTLS/library/ecp_curves.o
LOAD ./Middlewares/Third_Party/mbedTLS/library/entropy.o
LOAD ./Middlewares/Third_Party/mbedTLS/library/entropy_poll.o
LOAD ./Middlewares/Third_Party/mbedTLS/library/gcm.o
LOAD ./Middlewares/Third_Party/mbedTLS/library/hkdf.o
LOAD ./Middlewares/Third_Party/mbedTLS/library/md.o
LOAD ./Middlewares/Third_Party/mbedTLS/library/md_wrap.o
LOAD ./Middlewares/Third_Party/mbedTLS/library/memory_buffer_alloc.o
LOAD ./Middlewares/Third_Party/mbedTLS/library/oid.o
LOAD ./Middlewares/Third_Party/mbedTLS/library/pem.o
LOAD ./Middlewares/Third_Party/mbedTLS/library/pk.o
LOAD ./Middlewares/Third_Party/mbedTLS/library/pk_wrap.o
LOAD ./Middlewares/Third_Party/mbedTLS/library/pkparse.o
LOAD ./Middlewares/Third_Party/mbedTLS/library/platform.o
LOAD ./Middlewares/Third_Party/mbedTLS/library/platform_util.o
LOAD ./Middlewares/Third_Party/mbedTLS/library/poly1305.o
LOAD ./Middlewares/Third_Party/mbedTLS/library/rsa_internal.o
LOAD ./Middlewares/Third_Party/mbedTLS/library/sha256.o
LOAD ./Middlewares/Third_Party/mbedTLS/library/sha512.o
LOAD ./Middlewares/Third_Party/mbedTLS/library/ssl_ciphersuites.o
LOAD ./Middlewares/Third_Party/mbedTLS/library/version_features.o
LOAD ./Middlewares/Third_Party/mbedTLS/library/x509.o
LOAD ./Middlewares/Third_Party/mbedTLS/library/x509_crt.o
START GROUP
LOAD C:/ST/STM32CubeIDE_1.19.0/STM32CubeIDE/plugins/com.st.stm32cube.ide.mcu.externaltools.gnu-tools-for-stm32.13.3.rel1.win32_1.0.0.202411081344/tools/bin/../lib/gcc/arm-none-eabi/13.3.1/../../../../arm-none-eabi/lib/thumb/v7e-m+fp/hard\libc_nano.a
LOAD C:/ST/STM32CubeIDE_1.19.0/STM32CubeIDE/plugins/com.st.stm32cube.ide.mcu.externaltools.gnu-tools-for-stm32.13.3.rel1.win32_1.0.0.202411081344/tools/bin/../lib/gcc/arm-none-eabi/13.3.1/../../../../arm-none-eabi/lib/thumb/v7e-m+fp/hard\libm.a
END GROUP
START GROUP
LOAD C:/ST/STM32CubeIDE_1.19.0/STM32CubeIDE/plugins/com.st.stm32cube.ide.mcu.externaltools.gnu-tools-for-stm32.13.3.rel1.win32_1.0.0.202411081344/tools/bin/../lib/gcc/arm-none-eabi/13.3.1/thumb/v7e-m+fp/hard\libgcc.a
LOAD C:/ST/STM32CubeIDE_1.19.0/STM32CubeIDE/plugins/com.st.stm32cube.ide.mcu.externaltools.gnu-tools-for-stm32.13.3.rel1.win32_1.0.0.202411081344/tools/bin/../lib/gcc/arm-none-eabi/13.3.1/../../../../arm-none-eabi/lib/thumb/v7e-m+fp/hard\libc_nano.a
END GROUP
START GROUP
LOAD C:/ST/STM32CubeIDE_1.19.0/STM32CubeIDE/plugins/com.st.stm32cube.ide.mcu.externaltools.gnu-tools-for-stm32.13.3.rel1.win32_1.0.0.202411081344/tools/bin/../lib/gcc/arm-none-eabi/13.3.1/thumb/v7e-m+fp/hard\libgcc.a
LOAD C:/ST/STM32CubeIDE_1.19.0/STM32CubeIDE/plugins/com.st.stm32cube.ide.mcu.externaltools.gnu-tools-for-stm32.13.3.rel1.win32_1.0.0.202411081344/tools/bin/../lib/gcc/arm-none-eabi/13.3.1/../../../../arm-none-eabi/lib/thumb/v7e-m+fp/hard\libc_nano.a
LOAD C:/ST/STM32CubeIDE_1.19.0/STM32CubeIDE/plugins/com.st.stm32cube.ide.mcu.externaltools.gnu-tools-for-stm32.13.3.rel1.win32_1.0.0.202411081344/tools/bin/../lib/gcc/arm-none-eabi/13.3.1/../../../../arm-none-eabi/lib/thumb/v7e-m+fp/hard\libnosys.a
END GROUP
START GROUP
LOAD C:/ST/STM32CubeIDE_1.19.0/STM32CubeIDE/plugins/com.st.stm32cube.ide.mcu.externaltools.gnu-tools-for-stm32.13.3.rel1.win32_1.0.0.202411081344/tools/bin/../lib/gcc/arm-none-eabi/13.3.1/thumb/v7e-m+fp/hard\libgcc.a
LOAD C:/ST/STM32CubeIDE_1.19.0/STM32CubeIDE/plugins/com.st.stm32cube.ide.mcu.externaltools.gnu-tools-for-stm32.13.3.rel1.win32_1.0.0.202411081344/tools/bin/../lib/gcc/arm-none-eabi/13.3.1/../../../../arm-none-eabi/lib/thumb/v7e-m+fp/hard\libc_nano.a
LOAD C:/ST/STM32CubeIDE_1.19.0/STM32CubeIDE/plugins/com.st.stm32cube.ide.mcu.externaltools.gnu-tools-for-stm32.13.3.rel1.win32_1.0.0.202411081344/tools/bin/../lib/gcc/arm-none-eabi/13.3.1/../../../../arm-none-eabi/lib/thumb/v7e-m+fp/hard\libnosys.a
END GROUP
LOAD C:/ST/STM32CubeIDE_1.19.0/STM32CubeIDE/plugins/com.st.stm32cube.ide.mcu.externaltools.gnu-tools-for-stm32.13.3.rel1.win32_1.0.0.202411081344/tools/bin/../lib/gcc/arm-none-eabi/13.3.1/thumb/v7e-m+fp/hard/crtend.o
LOAD C:/ST/STM32CubeIDE_1.19.0/STM32CubeIDE/plugins/com.st.stm32cube.ide.mcu.externaltools.gnu-tools-for-stm32.13.3.rel1.win32_1.0.0.202411081344/tools/bin/../lib/gcc/arm-none-eabi/13.3.1/thumb/v7e-m+fp/hard/crtn.o
                0x20020000                        _estack = (ORIGIN (RAM) + LENGTH (RAM))
                0x00000200                        _Min_Heap_Size = 0x200
                0x00000400                        _Min_Stack_Size = 0x400

.isr_vector     0x08000000      0x1c4
                0x08000000                        . = ALIGN (0x4)
 *(.isr_vector)
 .isr_vector    0x08000000      0x1c4 ./Core/Startup/startup_stm32f446retx.o
                0x08000000                g_pfnVectors
                0x080001c4                        . = ALIGN (0x4)

.text           0x080001d0     0x8ac8
                0x080001d0                        . = ALIGN (0x4)
 *(.text)
 .text          0x080001d0       0x40 C:/ST/STM32CubeIDE_1.19.0/STM32CubeIDE/plugins/com.st.stm32cube.ide.mcu.externaltools.gnu-tools-for-stm32.13.3.rel1.win32_1.0.0.202411081344/tools/bin/../lib/gcc/arm-none-eabi/13.3.1/thumb/v7e-m+fp/hard/crtbegin.o
 .text          0x08000210       0x10 C:/ST/STM32CubeIDE_1.19.0/STM32CubeIDE/plugins/com.st.stm32cube.ide.mcu.externaltools.gnu-tools-for-stm32.13.3.rel1.win32_1.0.0.202411081344/tools/bin/../lib/gcc/arm-none-eabi/13.3.1/../../../../arm-none-eabi/lib/thumb/v7e-m+fp/hard\libc_nano.a(libc_a-strlen.o)
                0x08000210                strlen
 .text          0x08000220       0xa0 C:/ST/STM32CubeIDE_1.19.0/STM32CubeIDE/plugins/com.st.stm32cube.ide.mcu.externaltools.gnu-tools-for-stm32.13.3.rel1.win32_1.0.0.202411081344/tools/bin/../lib/gcc/arm-none-eabi/13.3.1/../../../../arm-none-eabi/lib/thumb/v7e-m+fp/hard\libc_nano.a(libc_a-memchr.o)
                0x08000220                memchr
 .text          0x080002c0       0x30 C:/ST/STM32CubeIDE_1.19.0/STM32CubeIDE/plugins/com.st.stm32cube.ide.mcu.externaltools.gnu-tools-for-stm32.13.3.rel1.win32_1.0.0.202411081344/tools/bin/../lib/gcc/arm-none-eabi/13.3.1/thumb/v7e-m+fp/hard\libgcc.a(_aeabi_uldivmod.o)
                0x080002c0                __aeabi_uldivmod
 .text          0x080002f0      0x2f8 C:/ST/STM32CubeIDE_1.19.0/STM32CubeIDE/plugins/com.st.stm32cube.ide.mcu.externaltools.gnu-tools-for-stm32.13.3.rel1.win32_1.0.0.202411081344/tools/bin/../lib/gcc/arm-none-eabi/13.3.1/thumb/v7e-m+fp/hard\libgcc.a(_udivmoddi4.o)
                0x080002f0                __udivmoddi4
 .text          0x080005e8        0x4 C:/ST/STM32CubeIDE_1.19.0/STM32CubeIDE/plugins/com.st.stm32cube.ide.mcu.externaltools.gnu-tools-for-stm32.13.3.rel1.win32_1.0.0.202411081344/tools/bin/../lib/gcc/arm-none-eabi/13.3.1/thumb/v7e-m+fp/hard\libgcc.a(_dvmd_tls.o)
                0x080005e8                __aeabi_idiv0
                0x080005e8                __aeabi_ldiv0
 *(.text*)
 .text.vApplicationGetIdleTaskMemory
                0x080005ec       0x34 ./Core/Src/freertos.o
                0x080005ec                vApplicationGetIdleTaskMemory
 .text._write   0x08000620       0x58 ./Core/Src/main.o
                0x08000620                _write
 .text.mode_to_string
                0x08000678       0x48 ./Core/Src/main.o
                0x08000678                mode_to_string
 .text.print_hex
                0x080006c0       0x74 ./Core/Src/main.o
                0x080006c0                print_hex
 .text.read_voltage_mv
                0x08000734       0x44 ./Core/Src/main.o
                0x08000734                read_voltage_mv
 .text.HAL_GPIO_EXTI_Callback
                0x08000778       0x88 ./Core/Src/main.o
                0x08000778                HAL_GPIO_EXTI_Callback
 .text.add_pkcs7_padding
                0x08000800       0x60 ./Core/Src/main.o
 .text.calculate_checksum
                0x08000860       0x3e ./Core/Src/main.o
 *fill*         0x0800089e        0x2 
 .text.generate_random_iv
                0x080008a0       0x6c ./Core/Src/main.o
 .text.aes_encrypt_data
                0x0800090c      0x148 ./Core/Src/main.o
 .text.chacha20_encrypt_data
                0x08000a54      0x108 ./Core/Src/main.o
 .text.create_encrypted_frame
                0x08000b5c       0xd4 ./Core/Src/main.o
                0x08000b5c                create_encrypted_frame
 .text.main     0x08000c30      0x27c ./Core/Src/main.o
                0x08000c30                main
 .text.SystemClock_Config
                0x08000eac       0xdc ./Core/Src/main.o
                0x08000eac                SystemClock_Config
 .text.MX_ADC1_Init
                0x08000f88       0xa4 ./Core/Src/main.o
 .text.MX_USART2_UART_Init
                0x0800102c       0x54 ./Core/Src/main.o
 .text.MX_GPIO_Init
                0x08001080      0x108 ./Core/Src/main.o
 .text.ADCReadTask
                0x08001188       0xe8 ./Core/Src/main.o
                0x08001188                ADCReadTask
 .text.AESTask  0x08001270      0x220 ./Core/Src/main.o
                0x08001270                AESTask
 .text.ChaCha20Task
                0x08001490      0x21c ./Core/Src/main.o
                0x08001490                ChaCha20Task
 .text.UARTTransmitTask
                0x080016ac      0x18c ./Core/Src/main.o
                0x080016ac                UARTTransmitTask
 .text.Error_Handler
                0x08001838       0x28 ./Core/Src/main.o
                0x08001838                Error_Handler
 .text.HAL_MspInit
                0x08001860       0x58 ./Core/Src/stm32f4xx_hal_msp.o
                0x08001860                HAL_MspInit
 .text.HAL_ADC_MspInit
                0x080018b8       0x88 ./Core/Src/stm32f4xx_hal_msp.o
                0x080018b8                HAL_ADC_MspInit
 .text.HAL_UART_MspInit
                0x08001940       0x90 ./Core/Src/stm32f4xx_hal_msp.o
                0x08001940                HAL_UART_MspInit
 .text.NMI_Handler
                0x080019d0        0x8 ./Core/Src/stm32f4xx_it.o
                0x080019d0                NMI_Handler
 .text.HardFault_Handler
                0x080019d8       0x2c ./Core/Src/stm32f4xx_it.o
                0x080019d8                HardFault_Handler
 .text.MemManage_Handler
                0x08001a04        0x8 ./Core/Src/stm32f4xx_it.o
                0x08001a04                MemManage_Handler
 .text.BusFault_Handler
                0x08001a0c        0x8 ./Core/Src/stm32f4xx_it.o
                0x08001a0c                BusFault_Handler
 .text.UsageFault_Handler
                0x08001a14        0x8 ./Core/Src/stm32f4xx_it.o
                0x08001a14                UsageFault_Handler
 .text.DebugMon_Handler
                0x08001a1c        0xe ./Core/Src/stm32f4xx_it.o
                0x08001a1c                DebugMon_Handler
 .text.SysTick_Handler
                0x08001a2a       0x1a ./Core/Src/stm32f4xx_it.o
                0x08001a2a                SysTick_Handler
 .text.EXTI15_10_IRQHandler
                0x08001a44       0x10 ./Core/Src/stm32f4xx_it.o
                0x08001a44                EXTI15_10_IRQHandler
 .text.EXTI9_5_IRQHandler
                0x08001a54       0x14 ./Core/Src/stm32f4xx_it.o
                0x08001a54                EXTI9_5_IRQHandler
 .text._read    0x08001a68       0x3a ./Core/Src/syscalls.o
                0x08001a68                _read
 .text._close   0x08001aa2       0x18 ./Core/Src/syscalls.o
                0x08001aa2                _close
 .text._fstat   0x08001aba       0x20 ./Core/Src/syscalls.o
                0x08001aba                _fstat
 .text._isatty  0x08001ada       0x16 ./Core/Src/syscalls.o
                0x08001ada                _isatty
 .text._lseek   0x08001af0       0x1a ./Core/Src/syscalls.o
                0x08001af0                _lseek
 *fill*         0x08001b0a        0x2 
 .text._sbrk    0x08001b0c       0x6c ./Core/Src/sysmem.o
                0x08001b0c                _sbrk
 .text.SystemInit
                0x08001b78       0x24 ./Core/Src/system_stm32f4xx.o
                0x08001b78                SystemInit
 .text.Reset_Handler
                0x08001b9c       0x50 ./Core/Startup/startup_stm32f446retx.o
                0x08001b9c                Reset_Handler
 .text.Default_Handler
                0x08001bec        0x2 ./Core/Startup/startup_stm32f446retx.o
                0x08001bec                RTC_Alarm_IRQHandler
                0x08001bec                EXTI2_IRQHandler
                0x08001bec                TIM8_CC_IRQHandler
                0x08001bec                FMPI2C1_EV_IRQHandler
                0x08001bec                SPI4_IRQHandler
                0x08001bec                TIM1_CC_IRQHandler
                0x08001bec                DMA2_Stream5_IRQHandler
                0x08001bec                DMA1_Stream5_IRQHandler
                0x08001bec                PVD_IRQHandler
                0x08001bec                SDIO_IRQHandler
                0x08001bec                TAMP_STAMP_IRQHandler
                0x08001bec                CAN2_RX1_IRQHandler
                0x08001bec                EXTI3_IRQHandler
                0x08001bec                TIM8_TRG_COM_TIM14_IRQHandler
                0x08001bec                TIM1_UP_TIM10_IRQHandler
                0x08001bec                TIM8_UP_TIM13_IRQHandler
                0x08001bec                I2C3_ER_IRQHandler
                0x08001bec                EXTI0_IRQHandler
                0x08001bec                I2C2_EV_IRQHandler
                0x08001bec                DMA1_Stream2_IRQHandler
                0x08001bec                CAN1_RX0_IRQHandler
                0x08001bec                FPU_IRQHandler
                0x08001bec                OTG_HS_WKUP_IRQHandler
                0x08001bec                CAN2_SCE_IRQHandler
                0x08001bec                DMA2_Stream2_IRQHandler
                0x08001bec                SPI1_IRQHandler
                0x08001bec                TIM6_DAC_IRQHandler
                0x08001bec                TIM1_BRK_TIM9_IRQHandler
                0x08001bec                DCMI_IRQHandler
                0x08001bec                CAN2_RX0_IRQHandler
                0x08001bec                DMA2_Stream3_IRQHandler
                0x08001bec                SAI2_IRQHandler
                0x08001bec                USART6_IRQHandler
                0x08001bec                USART3_IRQHandler
                0x08001bec                CAN1_RX1_IRQHandler
                0x08001bec                UART5_IRQHandler
                0x08001bec                DMA2_Stream0_IRQHandler
                0x08001bec                TIM4_IRQHandler
                0x08001bec                QUADSPI_IRQHandler
                0x08001bec                I2C1_EV_IRQHandler
                0x08001bec                DMA1_Stream6_IRQHandler
                0x08001bec                DMA1_Stream1_IRQHandler
                0x08001bec                UART4_IRQHandler
                0x08001bec                TIM3_IRQHandler
                0x08001bec                RCC_IRQHandler
                0x08001bec                TIM8_BRK_TIM12_IRQHandler
                0x08001bec                Default_Handler
                0x08001bec                CEC_IRQHandler
                0x08001bec                ADC_IRQHandler
                0x08001bec                DMA1_Stream7_IRQHandler
                0x08001bec                TIM7_IRQHandler
                0x08001bec                CAN2_TX_IRQHandler
                0x08001bec                TIM5_IRQHandler
                0x08001bec                DMA2_Stream7_IRQHandler
                0x08001bec                I2C3_EV_IRQHandler
                0x08001bec                RTC_WKUP_IRQHandler
                0x08001bec                SPDIF_RX_IRQHandler
                0x08001bec                SPI2_IRQHandler
                0x08001bec                OTG_HS_EP1_IN_IRQHandler
                0x08001bec                DMA1_Stream0_IRQHandler
                0x08001bec                CAN1_TX_IRQHandler
                0x08001bec                FMPI2C1_ER_IRQHandler
                0x08001bec                EXTI4_IRQHandler
                0x08001bec                OTG_HS_EP1_OUT_IRQHandler
                0x08001bec                WWDG_IRQHandler
                0x08001bec                TIM2_IRQHandler
                0x08001bec                OTG_FS_WKUP_IRQHandler
                0x08001bec                TIM1_TRG_COM_TIM11_IRQHandler
                0x08001bec                OTG_HS_IRQHandler
                0x08001bec                EXTI1_IRQHandler
                0x08001bec                USART2_IRQHandler
                0x08001bec                I2C2_ER_IRQHandler
                0x08001bec                DMA2_Stream1_IRQHandler
                0x08001bec                CAN1_SCE_IRQHandler
                0x08001bec                FLASH_IRQHandler
                0x08001bec                DMA2_Stream4_IRQHandler
                0x08001bec                USART1_IRQHandler
                0x08001bec                OTG_FS_IRQHandler
                0x08001bec                SPI3_IRQHandler
                0x08001bec                DMA1_Stream4_IRQHandler
                0x08001bec                I2C1_ER_IRQHandler
                0x08001bec                FMC_IRQHandler
                0x08001bec                DMA2_Stream6_IRQHandler
                0x08001bec                SAI1_IRQHandler
                0x08001bec                DMA1_Stream3_IRQHandler
 *fill*         0x08001bee        0x2 
 .text.HAL_Init
                0x08001bf0       0x44 ./Drivers/STM32F4xx_HAL_Driver/Src/stm32f4xx_hal.o
                0x08001bf0                HAL_Init
 .text.HAL_InitTick
                0x08001c34       0x60 ./Drivers/STM32F4xx_HAL_Driver/Src/stm32f4xx_hal.o
                0x08001c34                HAL_InitTick
 .text.HAL_IncTick
                0x08001c94       0x28 ./Drivers/STM32F4xx_HAL_Driver/Src/stm32f4xx_hal.o
                0x08001c94                HAL_IncTick
 .text.HAL_GetTick
                0x08001cbc       0x18 ./Drivers/STM32F4xx_HAL_Driver/Src/stm32f4xx_hal.o
                0x08001cbc                HAL_GetTick
 .text.HAL_Delay
                0x08001cd4       0x48 ./Drivers/STM32F4xx_HAL_Driver/Src/stm32f4xx_hal.o
                0x08001cd4                HAL_Delay
 .text.HAL_ADC_Init
                0x08001d1c       0x86 ./Drivers/STM32F4xx_HAL_Driver/Src/stm32f4xx_hal_adc.o
                0x08001d1c                HAL_ADC_Init
 *fill*         0x08001da2        0x2 
 .text.HAL_ADC_Start
                0x08001da4      0x1a4 ./Drivers/STM32F4xx_HAL_Driver/Src/stm32f4xx_hal_adc.o
                0x08001da4                HAL_ADC_Start
 .text.HAL_ADC_GetValue
                0x08001f48       0x1a ./Drivers/STM32F4xx_HAL_Driver/Src/stm32f4xx_hal_adc.o
                0x08001f48                HAL_ADC_GetValue
 *fill*         0x08001f62        0x2 
 .text.HAL_ADC_ConfigChannel
                0x08001f64      0x264 ./Drivers/STM32F4xx_HAL_Driver/Src/stm32f4xx_hal_adc.o
                0x08001f64                HAL_ADC_ConfigChannel
 .text.ADC_Init
                0x080021c8      0x1f8 ./Drivers/STM32F4xx_HAL_Driver/Src/stm32f4xx_hal_adc.o
 .text.__NVIC_SetPriorityGrouping
                0x080023c0       0x48 ./Drivers/STM32F4xx_HAL_Driver/Src/stm32f4xx_hal_cortex.o
 .text.__NVIC_GetPriorityGrouping
                0x08002408       0x1c ./Drivers/STM32F4xx_HAL_Driver/Src/stm32f4xx_hal_cortex.o
 .text.__NVIC_EnableIRQ
                0x08002424       0x3c ./Drivers/STM32F4xx_HAL_Driver/Src/stm32f4xx_hal_cortex.o
 .text.__NVIC_SetPriority
                0x08002460       0x54 ./Drivers/STM32F4xx_HAL_Driver/Src/stm32f4xx_hal_cortex.o
 .text.NVIC_EncodePriority
                0x080024b4       0x66 ./Drivers/STM32F4xx_HAL_Driver/Src/stm32f4xx_hal_cortex.o
 *fill*         0x0800251a        0x2 
 .text.SysTick_Config
                0x0800251c       0x44 ./Drivers/STM32F4xx_HAL_Driver/Src/stm32f4xx_hal_cortex.o
 .text.HAL_NVIC_SetPriorityGrouping
                0x08002560       0x16 ./Drivers/STM32F4xx_HAL_Driver/Src/stm32f4xx_hal_cortex.o
                0x08002560                HAL_NVIC_SetPriorityGrouping
 .text.HAL_NVIC_SetPriority
                0x08002576       0x38 ./Drivers/STM32F4xx_HAL_Driver/Src/stm32f4xx_hal_cortex.o
                0x08002576                HAL_NVIC_SetPriority
 .text.HAL_NVIC_EnableIRQ
                0x080025ae       0x1c ./Drivers/STM32F4xx_HAL_Driver/Src/stm32f4xx_hal_cortex.o
                0x080025ae                HAL_NVIC_EnableIRQ
 .text.HAL_SYSTICK_Config
                0x080025ca       0x18 ./Drivers/STM32F4xx_HAL_Driver/Src/stm32f4xx_hal_cortex.o
                0x080025ca                HAL_SYSTICK_Config
 *fill*         0x080025e2        0x2 
 .text.HAL_GPIO_Init
                0x080025e4      0x328 ./Drivers/STM32F4xx_HAL_Driver/Src/stm32f4xx_hal_gpio.o
                0x080025e4                HAL_GPIO_Init
 .text.HAL_GPIO_WritePin
                0x0800290c       0x32 ./Drivers/STM32F4xx_HAL_Driver/Src/stm32f4xx_hal_gpio.o
                0x0800290c                HAL_GPIO_WritePin
 .text.HAL_GPIO_TogglePin
                0x0800293e       0x34 ./Drivers/STM32F4xx_HAL_Driver/Src/stm32f4xx_hal_gpio.o
                0x0800293e                HAL_GPIO_TogglePin
 *fill*         0x08002972        0x2 
 .text.HAL_GPIO_EXTI_IRQHandler
                0x08002974       0x30 ./Drivers/STM32F4xx_HAL_Driver/Src/stm32f4xx_hal_gpio.o
                0x08002974                HAL_GPIO_EXTI_IRQHandler
 .text.HAL_RCC_ClockConfig
                0x080029a4      0x1cc ./Drivers/STM32F4xx_HAL_Driver/Src/stm32f4xx_hal_rcc.o
                0x080029a4                HAL_RCC_ClockConfig
 .text.HAL_RCC_GetHCLKFreq
                0x08002b70       0x18 ./Drivers/STM32F4xx_HAL_Driver/Src/stm32f4xx_hal_rcc.o
                0x08002b70                HAL_RCC_GetHCLKFreq
 .text.HAL_RCC_GetPCLK1Freq
                0x08002b88       0x28 ./Drivers/STM32F4xx_HAL_Driver/Src/stm32f4xx_hal_rcc.o
                0x08002b88                HAL_RCC_GetPCLK1Freq
 .text.HAL_RCC_GetPCLK2Freq
                0x08002bb0       0x28 ./Drivers/STM32F4xx_HAL_Driver/Src/stm32f4xx_hal_rcc.o
                0x08002bb0                HAL_RCC_GetPCLK2Freq
 .text.HAL_RCC_GetSysClockFreq
                0x08002bd8      0x460 ./Drivers/STM32F4xx_HAL_Driver/Src/stm32f4xx_hal_rcc_ex.o
                0x08002bd8                HAL_RCC_GetSysClockFreq
 .text.HAL_RCC_OscConfig
                0x08003038      0x53c ./Drivers/STM32F4xx_HAL_Driver/Src/stm32f4xx_hal_rcc_ex.o
                0x08003038                HAL_RCC_OscConfig
 .text.HAL_UART_Init
                0x08003574       0xa0 ./Drivers/STM32F4xx_HAL_Driver/Src/stm32f4xx_hal_uart.o
                0x08003574                HAL_UART_Init
 .text.HAL_UART_Transmit
                0x08003614      0x116 ./Drivers/STM32F4xx_HAL_Driver/Src/stm32f4xx_hal_uart.o
                0x08003614                HAL_UART_Transmit
 .text.UART_WaitOnFlagUntilTimeout
                0x0800372a       0xb2 ./Drivers/STM32F4xx_HAL_Driver/Src/stm32f4xx_hal_uart.o
 .text.UART_EndRxTransfer
                0x080037dc       0xc6 ./Drivers/STM32F4xx_HAL_Driver/Src/stm32f4xx_hal_uart.o
 *fill*         0x080038a2        0x2 
 .text.UART_SetConfig
                0x080038a4      0x4e8 ./Drivers/STM32F4xx_HAL_Driver/Src/stm32f4xx_hal_uart.o
 .text.MX_MBEDTLS_Init
                0x08003d8c        0xe ./MBEDTLS/App/mbedtls.o
                0x08003d8c                MX_MBEDTLS_Init
 .text.makeFreeRtosPriority
                0x08003d9a       0x30 ./Middlewares/Third_Party/FreeRTOS/Source/CMSIS_RTOS/cmsis_os.o
 .text.inHandlerMode
                0x08003dca       0x24 ./Middlewares/Third_Party/FreeRTOS/Source/CMSIS_RTOS/cmsis_os.o
 .text.osKernelStart
                0x08003dee        0xe ./Middlewares/Third_Party/FreeRTOS/Source/CMSIS_RTOS/cmsis_os.o
                0x08003dee                osKernelStart
 .text.osThreadCreate
                0x08003dfc       0x98 ./Middlewares/Third_Party/FreeRTOS/Source/CMSIS_RTOS/cmsis_os.o
                0x08003dfc                osThreadCreate
 .text.osDelay  0x08003e94       0x28 ./Middlewares/Third_Party/FreeRTOS/Source/CMSIS_RTOS/cmsis_os.o
                0x08003e94                osDelay
 .text.osMutexCreate
                0x08003ebc       0x30 ./Middlewares/Third_Party/FreeRTOS/Source/CMSIS_RTOS/cmsis_os.o
                0x08003ebc                osMutexCreate
 .text.osMutexWait
                0x08003eec       0x9c ./Middlewares/Third_Party/FreeRTOS/Source/CMSIS_RTOS/cmsis_os.o
                0x08003eec                osMutexWait
 .text.osMutexRelease
                0x08003f88       0x6c ./Middlewares/Third_Party/FreeRTOS/Source/CMSIS_RTOS/cmsis_os.o
                0x08003f88                osMutexRelease
 .text.osMessageCreate
                0x08003ff4       0x50 ./Middlewares/Third_Party/FreeRTOS/Source/CMSIS_RTOS/cmsis_os.o
                0x08003ff4                osMessageCreate
 .text.osMessagePut
                0x08004044       0x80 ./Middlewares/Third_Party/FreeRTOS/Source/CMSIS_RTOS/cmsis_os.o
                0x08004044                osMessagePut
 .text.osMessageGet
                0x080040c4       0xe8 ./Middlewares/Third_Party/FreeRTOS/Source/CMSIS_RTOS/cmsis_os.o
                0x080040c4                osMessageGet
 .text.vListInitialise
                0x080041ac       0x40 ./Middlewares/Third_Party/FreeRTOS/Source/list.o
                0x080041ac                vListInitialise
 .text.vListInitialiseItem
                0x080041ec       0x1a ./Middlewares/Third_Party/FreeRTOS/Source/list.o
                0x080041ec                vListInitialiseItem
 .text.vListInsertEnd
                0x08004206       0x48 ./Middlewares/Third_Party/FreeRTOS/Source/list.o
                0x08004206                vListInsertEnd
 .text.vListInsert
                0x0800424e       0x72 ./Middlewares/Third_Party/FreeRTOS/Source/list.o
                0x0800424e                vListInsert
 .text.uxListRemove
                0x080042c0       0x54 ./Middlewares/Third_Party/FreeRTOS/Source/list.o
                0x080042c0                uxListRemove
 .text.xQueueGenericReset
                0x08004314       0xb4 ./Middlewares/Third_Party/FreeRTOS/Source/queue.o
                0x08004314                xQueueGenericReset
 .text.xQueueGenericCreateStatic
                0x080043c8       0x3e ./Middlewares/Third_Party/FreeRTOS/Source/queue.o
                0x080043c8                xQueueGenericCreateStatic
 .text.xQueueGenericCreate
                0x08004406       0x58 ./Middlewares/Third_Party/FreeRTOS/Source/queue.o
                0x08004406                xQueueGenericCreate
 .text.prvInitialiseNewQueue
                0x0800445e       0x3e ./Middlewares/Third_Party/FreeRTOS/Source/queue.o
 .text.prvInitialiseMutex
                0x0800449c       0x34 ./Middlewares/Third_Party/FreeRTOS/Source/queue.o
 .text.xQueueCreateMutex
                0x080044d0       0x30 ./Middlewares/Third_Party/FreeRTOS/Source/queue.o
                0x080044d0                xQueueCreateMutex
 .text.xQueueCreateMutexStatic
                0x08004500       0x36 ./Middlewares/Third_Party/FreeRTOS/Source/queue.o
                0x08004500                xQueueCreateMutexStatic
 *fill*         0x08004536        0x2 
 .text.xQueueGenericSend
                0x08004538      0x154 ./Middlewares/Third_Party/FreeRTOS/Source/queue.o
                0x08004538                xQueueGenericSend
 .text.xQueueGenericSendFromISR
                0x0800468c       0xba ./Middlewares/Third_Party/FreeRTOS/Source/queue.o
                0x0800468c                xQueueGenericSendFromISR
 .text.xQueueGiveFromISR
                0x08004746       0xa8 ./Middlewares/Third_Party/FreeRTOS/Source/queue.o
                0x08004746                xQueueGiveFromISR
 *fill*         0x080047ee        0x2 
 .text.xQueueReceive
                0x080047f0      0x144 ./Middlewares/Third_Party/FreeRTOS/Source/queue.o
                0x080047f0                xQueueReceive
 .text.xQueueSemaphoreTake
                0x08004934      0x190 ./Middlewares/Third_Party/FreeRTOS/Source/queue.o
                0x08004934                xQueueSemaphoreTake
 .text.xQueueReceiveFromISR
                0x08004ac4       0xae ./Middlewares/Third_Party/FreeRTOS/Source/queue.o
                0x08004ac4                xQueueReceiveFromISR
 .text.prvGetDisinheritPriorityAfterTimeout
                0x08004b72       0x30 ./Middlewares/Third_Party/FreeRTOS/Source/queue.o
 .text.prvCopyDataToQueue
                0x08004ba2       0xd4 ./Middlewares/Third_Party/FreeRTOS/Source/queue.o
 .text.prvCopyDataFromQueue
                0x08004c76       0x4c ./Middlewares/Third_Party/FreeRTOS/Source/queue.o
 .text.prvUnlockQueue
                0x08004cc2       0xa4 ./Middlewares/Third_Party/FreeRTOS/Source/queue.o
 .text.prvIsQueueEmpty
                0x08004d66       0x2c ./Middlewares/Third_Party/FreeRTOS/Source/queue.o
 .text.prvIsQueueFull
                0x08004d92       0x30 ./Middlewares/Third_Party/FreeRTOS/Source/queue.o
 .text.xTaskCreateStatic
                0x08004dc2       0x60 ./Middlewares/Third_Party/FreeRTOS/Source/tasks.o
                0x08004dc2                xTaskCreateStatic
 .text.xTaskCreate
                0x08004e22       0x8a ./Middlewares/Third_Party/FreeRTOS/Source/tasks.o
                0x08004e22                xTaskCreate
 .text.prvInitialiseNewTask
                0x08004eac       0xee ./Middlewares/Third_Party/FreeRTOS/Source/tasks.o
 *fill*         0x08004f9a        0x2 
 .text.prvAddNewTaskToReadyList
                0x08004f9c       0xd4 ./Middlewares/Third_Party/FreeRTOS/Source/tasks.o
 .text.vTaskDelay
                0x08005070       0x48 ./Middlewares/Third_Party/FreeRTOS/Source/tasks.o
                0x08005070                vTaskDelay
 .text.vTaskStartScheduler
                0x080050b8       0xa4 ./Middlewares/Third_Party/FreeRTOS/Source/tasks.o
                0x080050b8                vTaskStartScheduler
 .text.vTaskSuspendAll
                0x0800515c       0x1c ./Middlewares/Third_Party/FreeRTOS/Source/tasks.o
                0x0800515c                vTaskSuspendAll
 .text.xTaskResumeAll
                0x08005178      0x11c ./Middlewares/Third_Party/FreeRTOS/Source/tasks.o
                0x08005178                xTaskResumeAll
 .text.xTaskIncrementTick
                0x08005294      0x150 ./Middlewares/Third_Party/FreeRTOS/Source/tasks.o
                0x08005294                xTaskIncrementTick
 .text.vTaskSwitchContext
                0x080053e4       0x8c ./Middlewares/Third_Party/FreeRTOS/Source/tasks.o
                0x080053e4                vTaskSwitchContext
 .text.vTaskPlaceOnEventList
                0x08005470       0x2c ./Middlewares/Third_Party/FreeRTOS/Source/tasks.o
                0x08005470                vTaskPlaceOnEventList
 .text.xTaskRemoveFromEventList
                0x0800549c       0xa8 ./Middlewares/Third_Party/FreeRTOS/Source/tasks.o
                0x0800549c                xTaskRemoveFromEventList
 .text.vTaskInternalSetTimeOutState
                0x08005544       0x2c ./Middlewares/Third_Party/FreeRTOS/Source/tasks.o
                0x08005544                vTaskInternalSetTimeOutState
 .text.xTaskCheckForTimeOut
                0x08005570       0x8c ./Middlewares/Third_Party/FreeRTOS/Source/tasks.o
                0x08005570                xTaskCheckForTimeOut
 .text.vTaskMissedYield
                0x080055fc       0x18 ./Middlewares/Third_Party/FreeRTOS/Source/tasks.o
                0x080055fc                vTaskMissedYield
 .text.prvIdleTask
                0x08005614       0x30 ./Middlewares/Third_Party/FreeRTOS/Source/tasks.o
 .text.prvInitialiseTaskLists
                0x08005644       0x80 ./Middlewares/Third_Party/FreeRTOS/Source/tasks.o
 .text.prvCheckTasksWaitingTermination
                0x080056c4       0x5c ./Middlewares/Third_Party/FreeRTOS/Source/tasks.o
 .text.prvDeleteTCB
                0x08005720       0x3c ./Middlewares/Third_Party/FreeRTOS/Source/tasks.o
 .text.prvResetNextTaskUnblockTime
                0x0800575c       0x40 ./Middlewares/Third_Party/FreeRTOS/Source/tasks.o
 .text.xTaskGetSchedulerState
                0x0800579c       0x3c ./Middlewares/Third_Party/FreeRTOS/Source/tasks.o
                0x0800579c                xTaskGetSchedulerState
 .text.xTaskPriorityInherit
                0x080057d8       0xec ./Middlewares/Third_Party/FreeRTOS/Source/tasks.o
                0x080057d8                xTaskPriorityInherit
 .text.xTaskPriorityDisinherit
                0x080058c4       0xc8 ./Middlewares/Third_Party/FreeRTOS/Source/tasks.o
                0x080058c4                xTaskPriorityDisinherit
 .text.vTaskPriorityDisinheritAfterTimeout
                0x0800598c       0xdc ./Middlewares/Third_Party/FreeRTOS/Source/tasks.o
                0x0800598c                vTaskPriorityDisinheritAfterTimeout
 .text.pvTaskIncrementMutexHeldCount
                0x08005a68       0x28 ./Middlewares/Third_Party/FreeRTOS/Source/tasks.o
                0x08005a68                pvTaskIncrementMutexHeldCount
 .text.prvAddCurrentTaskToDelayedList
                0x08005a90       0xcc ./Middlewares/Third_Party/FreeRTOS/Source/tasks.o
 .text.pxPortInitialiseStack
                0x08005b5c       0x68 ./Middlewares/Third_Party/FreeRTOS/Source/portable/GCC/ARM_CM4F/port.o
                0x08005b5c                pxPortInitialiseStack
 .text.prvTaskExitError
                0x08005bc4       0x34 ./Middlewares/Third_Party/FreeRTOS/Source/portable/GCC/ARM_CM4F/port.o
 *fill*         0x08005bf8        0x8 
 .text.SVC_Handler
                0x08005c00       0x28 ./Middlewares/Third_Party/FreeRTOS/Source/portable/GCC/ARM_CM4F/port.o
                0x08005c00                SVC_Handler
 .text.prvPortStartFirstTask
                0x08005c28       0x28 ./Middlewares/Third_Party/FreeRTOS/Source/portable/GCC/ARM_CM4F/port.o
 .text.xPortStartScheduler
                0x08005c50       0x54 ./Middlewares/Third_Party/FreeRTOS/Source/portable/GCC/ARM_CM4F/port.o
                0x08005c50                xPortStartScheduler
 .text.vPortEnterCritical
                0x08005ca4       0x34 ./Middlewares/Third_Party/FreeRTOS/Source/portable/GCC/ARM_CM4F/port.o
                0x08005ca4                vPortEnterCritical
 .text.vPortExitCritical
                0x08005cd8       0x34 ./Middlewares/Third_Party/FreeRTOS/Source/portable/GCC/ARM_CM4F/port.o
                0x08005cd8                vPortExitCritical
 *fill*         0x08005d0c        0x4 
 .text.PendSV_Handler
                0x08005d10       0x68 ./Middlewares/Third_Party/FreeRTOS/Source/portable/GCC/ARM_CM4F/port.o
                0x08005d10                PendSV_Handler
 .text.xPortSysTickHandler
                0x08005d78       0x44 ./Middlewares/Third_Party/FreeRTOS/Source/portable/GCC/ARM_CM4F/port.o
                0x08005d78                xPortSysTickHandler
 .text.vPortSetupTimerInterrupt
                0x08005dbc       0x48 ./Middlewares/Third_Party/FreeRTOS/Source/portable/GCC/ARM_CM4F/port.o
                0x08005dbc                vPortSetupTimerInterrupt
 .text.vPortEnableVFP
                0x08005e04       0x14 ./Middlewares/Third_Party/FreeRTOS/Source/portable/GCC/ARM_CM4F/port.o
 .text.pvPortMalloc
                0x08005e18      0x134 ./Middlewares/Third_Party/FreeRTOS/Source/portable/MemMang/heap_4.o
                0x08005e18                pvPortMalloc
 .text.vPortFree
                0x08005f4c       0x80 ./Middlewares/Third_Party/FreeRTOS/Source/portable/MemMang/heap_4.o
                0x08005f4c                vPortFree
 .text.prvHeapInit
                0x08005fcc       0xc4 ./Middlewares/Third_Party/FreeRTOS/Source/portable/MemMang/heap_4.o
 .text.prvInsertBlockIntoFreeList
                0x08006090       0xb4 ./Middlewares/Third_Party/FreeRTOS/Source/portable/MemMang/heap_4.o
 .text.mbedtls_aes_init
                0x08006144       0x1c ./Middlewares/Third_Party/mbedTLS/library/aes.o
                0x08006144                mbedtls_aes_init
 .text.mbedtls_aes_free
                0x08006160       0x22 ./Middlewares/Third_Party/mbedTLS/library/aes.o
                0x08006160                mbedtls_aes_free
 *fill*         0x08006182        0x2 
 .text.mbedtls_aes_setkey_enc
                0x08006184      0x3ac ./Middlewares/Third_Party/mbedTLS/library/aes.o
                0x08006184                mbedtls_aes_setkey_enc
 .text.mbedtls_internal_aes_encrypt
                0x08006530      0x5c4 ./Middlewares/Third_Party/mbedTLS/library/aes.o
                0x08006530                mbedtls_internal_aes_encrypt
 .text.mbedtls_internal_aes_decrypt
                0x08006af4      0x5c4 ./Middlewares/Third_Party/mbedTLS/library/aes.o
                0x08006af4                mbedtls_internal_aes_decrypt
 .text.mbedtls_aes_crypt_ecb
                0x080070b8       0x36 ./Middlewares/Third_Party/mbedTLS/library/aes.o
                0x080070b8                mbedtls_aes_crypt_ecb
 .text.chacha20_quarter_round
                0x080070ee      0x17a ./Middlewares/Third_Party/mbedTLS/library/chacha20.o
 .text.chacha20_inner_block
                0x08007268       0x90 ./Middlewares/Third_Party/mbedTLS/library/chacha20.o
 .text.chacha20_block
                0x080072f8      0x182 ./Middlewares/Third_Party/mbedTLS/library/chacha20.o
 .text.mbedtls_chacha20_init
                0x0800747a       0x2e ./Middlewares/Third_Party/mbedTLS/library/chacha20.o
                0x0800747a                mbedtls_chacha20_init
 .text.mbedtls_chacha20_free
                0x080074a8       0x1e ./Middlewares/Third_Party/mbedTLS/library/chacha20.o
                0x080074a8                mbedtls_chacha20_free
 *fill*         0x080074c6        0x2 
 .text.mbedtls_chacha20_setkey
                0x080074c8      0x190 ./Middlewares/Third_Party/mbedTLS/library/chacha20.o
                0x080074c8                mbedtls_chacha20_setkey
 .text.mbedtls_chacha20_starts
                0x08007658       0xac ./Middlewares/Third_Party/mbedTLS/library/chacha20.o
                0x08007658                mbedtls_chacha20_starts
 .text.mbedtls_chacha20_update
                0x08007704      0x268 ./Middlewares/Third_Party/mbedTLS/library/chacha20.o
                0x08007704                mbedtls_chacha20_update
 .text.mbedtls_platform_zeroize
                0x0800796c       0x24 ./Middlewares/Third_Party/mbedTLS/library/platform_util.o
                0x0800796c                mbedtls_platform_zeroize
 .text.sbrk_aligned
                0x08007990       0x44 C:/ST/STM32CubeIDE_1.19.0/STM32CubeIDE/plugins/com.st.stm32cube.ide.mcu.externaltools.gnu-tools-for-stm32.13.3.rel1.win32_1.0.0.202411081344/tools/bin/../lib/gcc/arm-none-eabi/13.3.1/../../../../arm-none-eabi/lib/thumb/v7e-m+fp/hard\libc_nano.a(libc_a-mallocr.o)
 .text._malloc_r
                0x080079d4      0x100 C:/ST/STM32CubeIDE_1.19.0/STM32CubeIDE/plugins/com.st.stm32cube.ide.mcu.externaltools.gnu-tools-for-stm32.13.3.rel1.win32_1.0.0.202411081344/tools/bin/../lib/gcc/arm-none-eabi/13.3.1/../../../../arm-none-eabi/lib/thumb/v7e-m+fp/hard\libc_nano.a(libc_a-mallocr.o)
                0x080079d4                _malloc_r
 .text.__malloc_lock
                0x08007ad4        0xc C:/ST/STM32CubeIDE_1.19.0/STM32CubeIDE/plugins/com.st.stm32cube.ide.mcu.externaltools.gnu-tools-for-stm32.13.3.rel1.win32_1.0.0.202411081344/tools/bin/../lib/gcc/arm-none-eabi/13.3.1/../../../../arm-none-eabi/lib/thumb/v7e-m+fp/hard\libc_nano.a(libc_a-mlock.o)
                0x08007ad4                __malloc_lock
 .text.__malloc_unlock
                0x08007ae0        0xc C:/ST/STM32CubeIDE_1.19.0/STM32CubeIDE/plugins/com.st.stm32cube.ide.mcu.externaltools.gnu-tools-for-stm32.13.3.rel1.win32_1.0.0.202411081344/tools/bin/../lib/gcc/arm-none-eabi/13.3.1/../../../../arm-none-eabi/lib/thumb/v7e-m+fp/hard\libc_nano.a(libc_a-mlock.o)
                0x08007ae0                __malloc_unlock
 .text.std      0x08007aec       0x6c C:/ST/STM32CubeIDE_1.19.0/STM32CubeIDE/plugins/com.st.stm32cube.ide.mcu.externaltools.gnu-tools-for-stm32.13.3.rel1.win32_1.0.0.202411081344/tools/bin/../lib/gcc/arm-none-eabi/13.3.1/../../../../arm-none-eabi/lib/thumb/v7e-m+fp/hard\libc_nano.a(libc_a-findfp.o)
 .text.stdio_exit_handler
                0x08007b58       0x18 C:/ST/STM32CubeIDE_1.19.0/STM32CubeIDE/plugins/com.st.stm32cube.ide.mcu.externaltools.gnu-tools-for-stm32.13.3.rel1.win32_1.0.0.202411081344/tools/bin/../lib/gcc/arm-none-eabi/13.3.1/../../../../arm-none-eabi/lib/thumb/v7e-m+fp/hard\libc_nano.a(libc_a-findfp.o)
 .text.cleanup_stdio
                0x08007b70       0x40 C:/ST/STM32CubeIDE_1.19.0/STM32CubeIDE/plugins/com.st.stm32cube.ide.mcu.externaltools.gnu-tools-for-stm32.13.3.rel1.win32_1.0.0.202411081344/tools/bin/../lib/gcc/arm-none-eabi/13.3.1/../../../../arm-none-eabi/lib/thumb/v7e-m+fp/hard\libc_nano.a(libc_a-findfp.o)
 .text.global_stdio_init.part.0
                0x08007bb0       0x3c C:/ST/STM32CubeIDE_1.19.0/STM32CubeIDE/plugins/com.st.stm32cube.ide.mcu.externaltools.gnu-tools-for-stm32.13.3.rel1.win32_1.0.0.202411081344/tools/bin/../lib/gcc/arm-none-eabi/13.3.1/../../../../arm-none-eabi/lib/thumb/v7e-m+fp/hard\libc_nano.a(libc_a-findfp.o)
 .text.__sfp_lock_acquire
                0x08007bec        0xc C:/ST/STM32CubeIDE_1.19.0/STM32CubeIDE/plugins/com.st.stm32cube.ide.mcu.externaltools.gnu-tools-for-stm32.13.3.rel1.win32_1.0.0.202411081344/tools/bin/../lib/gcc/arm-none-eabi/13.3.1/../../../../arm-none-eabi/lib/thumb/v7e-m+fp/hard\libc_nano.a(libc_a-findfp.o)
                0x08007bec                __sfp_lock_acquire
 .text.__sfp_lock_release
                0x08007bf8        0xc C:/ST/STM32CubeIDE_1.19.0/STM32CubeIDE/plugins/com.st.stm32cube.ide.mcu.externaltools.gnu-tools-for-stm32.13.3.rel1.win32_1.0.0.202411081344/tools/bin/../lib/gcc/arm-none-eabi/13.3.1/../../../../arm-none-eabi/lib/thumb/v7e-m+fp/hard\libc_nano.a(libc_a-findfp.o)
                0x08007bf8                __sfp_lock_release
 .text.__sinit  0x08007c04       0x30 C:/ST/STM32CubeIDE_1.19.0/STM32CubeIDE/plugins/com.st.stm32cube.ide.mcu.externaltools.gnu-tools-for-stm32.13.3.rel1.win32_1.0.0.202411081344/tools/bin/../lib/gcc/arm-none-eabi/13.3.1/../../../../arm-none-eabi/lib/thumb/v7e-m+fp/hard\libc_nano.a(libc_a-findfp.o)
                0x08007c04                __sinit
 .text._fwalk_sglue
                0x08007c34       0x3c C:/ST/STM32CubeIDE_1.19.0/STM32CubeIDE/plugins/com.st.stm32cube.ide.mcu.externaltools.gnu-tools-for-stm32.13.3.rel1.win32_1.0.0.202411081344/tools/bin/../lib/gcc/arm-none-eabi/13.3.1/../../../../arm-none-eabi/lib/thumb/v7e-m+fp/hard\libc_nano.a(libc_a-fwalk.o)
                0x08007c34                _fwalk_sglue
 .text.printf   0x08007c70       0x24 C:/ST/STM32CubeIDE_1.19.0/STM32CubeIDE/plugins/com.st.stm32cube.ide.mcu.externaltools.gnu-tools-for-stm32.13.3.rel1.win32_1.0.0.202411081344/tools/bin/../lib/gcc/arm-none-eabi/13.3.1/../../../../arm-none-eabi/lib/thumb/v7e-m+fp/hard\libc_nano.a(libc_a-printf.o)
                0x08007c70                iprintf
                0x08007c70                printf
 .text._puts_r  0x08007c94       0xaa C:/ST/STM32CubeIDE_1.19.0/STM32CubeIDE/plugins/com.st.stm32cube.ide.mcu.externaltools.gnu-tools-for-stm32.13.3.rel1.win32_1.0.0.202411081344/tools/bin/../lib/gcc/arm-none-eabi/13.3.1/../../../../arm-none-eabi/lib/thumb/v7e-m+fp/hard\libc_nano.a(libc_a-puts.o)
                0x08007c94                _puts_r
 *fill*         0x08007d3e        0x2 
 .text.puts     0x08007d40       0x10 C:/ST/STM32CubeIDE_1.19.0/STM32CubeIDE/plugins/com.st.stm32cube.ide.mcu.externaltools.gnu-tools-for-stm32.13.3.rel1.win32_1.0.0.202411081344/tools/bin/../lib/gcc/arm-none-eabi/13.3.1/../../../../arm-none-eabi/lib/thumb/v7e-m+fp/hard\libc_nano.a(libc_a-puts.o)
                0x08007d40                puts
 .text.snprintf
                0x08007d50       0x6c C:/ST/STM32CubeIDE_1.19.0/STM32CubeIDE/plugins/com.st.stm32cube.ide.mcu.externaltools.gnu-tools-for-stm32.13.3.rel1.win32_1.0.0.202411081344/tools/bin/../lib/gcc/arm-none-eabi/13.3.1/../../../../arm-none-eabi/lib/thumb/v7e-m+fp/hard\libc_nano.a(libc_a-snprintf.o)
                0x08007d50                sniprintf
                0x08007d50                snprintf
 .text.__sread  0x08007dbc       0x22 C:/ST/STM32CubeIDE_1.19.0/STM32CubeIDE/plugins/com.st.stm32cube.ide.mcu.externaltools.gnu-tools-for-stm32.13.3.rel1.win32_1.0.0.202411081344/tools/bin/../lib/gcc/arm-none-eabi/13.3.1/../../../../arm-none-eabi/lib/thumb/v7e-m+fp/hard\libc_nano.a(libc_a-stdio.o)
                0x08007dbc                __sread
 .text.__swrite
                0x08007dde       0x38 C:/ST/STM32CubeIDE_1.19.0/STM32CubeIDE/plugins/com.st.stm32cube.ide.mcu.externaltools.gnu-tools-for-stm32.13.3.rel1.win32_1.0.0.202411081344/tools/bin/../lib/gcc/arm-none-eabi/13.3.1/../../../../arm-none-eabi/lib/thumb/v7e-m+fp/hard\libc_nano.a(libc_a-stdio.o)
                0x08007dde                __swrite
 .text.__sseek  0x08007e16       0x24 C:/ST/STM32CubeIDE_1.19.0/STM32CubeIDE/plugins/com.st.stm32cube.ide.mcu.externaltools.gnu-tools-for-stm32.13.3.rel1.win32_1.0.0.202411081344/tools/bin/../lib/gcc/arm-none-eabi/13.3.1/../../../../arm-none-eabi/lib/thumb/v7e-m+fp/hard\libc_nano.a(libc_a-stdio.o)
                0x08007e16                __sseek
 .text.__sclose
                0x08007e3a        0x8 C:/ST/STM32CubeIDE_1.19.0/STM32CubeIDE/plugins/com.st.stm32cube.ide.mcu.externaltools.gnu-tools-for-stm32.13.3.rel1.win32_1.0.0.202411081344/tools/bin/../lib/gcc/arm-none-eabi/13.3.1/../../../../arm-none-eabi/lib/thumb/v7e-m+fp/hard\libc_nano.a(libc_a-stdio.o)
                0x08007e3a                __sclose
 .text.__swbuf_r
                0x08007e42       0x7c C:/ST/STM32CubeIDE_1.19.0/STM32CubeIDE/plugins/com.st.stm32cube.ide.mcu.externaltools.gnu-tools-for-stm32.13.3.rel1.win32_1.0.0.202411081344/tools/bin/../lib/gcc/arm-none-eabi/13.3.1/../../../../arm-none-eabi/lib/thumb/v7e-m+fp/hard\libc_nano.a(libc_a-wbuf.o)
                0x08007e42                __swbuf_r
 *fill*         0x08007ebe        0x2 
 .text.__swsetup_r
                0x08007ec0       0xac C:/ST/STM32CubeIDE_1.19.0/STM32CubeIDE/plugins/com.st.stm32cube.ide.mcu.externaltools.gnu-tools-for-stm32.13.3.rel1.win32_1.0.0.202411081344/tools/bin/../lib/gcc/arm-none-eabi/13.3.1/../../../../arm-none-eabi/lib/thumb/v7e-m+fp/hard\libc_nano.a(libc_a-wsetup.o)
                0x08007ec0                __swsetup_r
 .text.memmove  0x08007f6c       0x34 C:/ST/STM32CubeIDE_1.19.0/STM32CubeIDE/plugins/com.st.stm32cube.ide.mcu.externaltools.gnu-tools-for-stm32.13.3.rel1.win32_1.0.0.202411081344/tools/bin/../lib/gcc/arm-none-eabi/13.3.1/../../../../arm-none-eabi/lib/thumb/v7e-m+fp/hard\libc_nano.a(libc_a-memmove.o)
                0x08007f6c                memmove
 .text.memset   0x08007fa0       0x10 C:/ST/STM32CubeIDE_1.19.0/STM32CubeIDE/plugins/com.st.stm32cube.ide.mcu.externaltools.gnu-tools-for-stm32.13.3.rel1.win32_1.0.0.202411081344/tools/bin/../lib/gcc/arm-none-eabi/13.3.1/../../../../arm-none-eabi/lib/thumb/v7e-m+fp/hard\libc_nano.a(libc_a-memset.o)
                0x08007fa0                memset
 .text._close_r
                0x08007fb0       0x20 C:/ST/STM32CubeIDE_1.19.0/STM32CubeIDE/plugins/com.st.stm32cube.ide.mcu.externaltools.gnu-tools-for-stm32.13.3.rel1.win32_1.0.0.202411081344/tools/bin/../lib/gcc/arm-none-eabi/13.3.1/../../../../arm-none-eabi/lib/thumb/v7e-m+fp/hard\libc_nano.a(libc_a-closer.o)
                0x08007fb0                _close_r
 .text._lseek_r
                0x08007fd0       0x24 C:/ST/STM32CubeIDE_1.19.0/STM32CubeIDE/plugins/com.st.stm32cube.ide.mcu.externaltools.gnu-tools-for-stm32.13.3.rel1.win32_1.0.0.202411081344/tools/bin/../lib/gcc/arm-none-eabi/13.3.1/../../../../arm-none-eabi/lib/thumb/v7e-m+fp/hard\libc_nano.a(libc_a-lseekr.o)
                0x08007fd0                _lseek_r
 .text._read_r  0x08007ff4       0x24 C:/ST/STM32CubeIDE_1.19.0/STM32CubeIDE/plugins/com.st.stm32cube.ide.mcu.externaltools.gnu-tools-for-stm32.13.3.rel1.win32_1.0.0.202411081344/tools/bin/../lib/gcc/arm-none-eabi/13.3.1/../../../../arm-none-eabi/lib/thumb/v7e-m+fp/hard\libc_nano.a(libc_a-readr.o)
                0x08007ff4                _read_r
 .text._sbrk_r  0x08008018       0x20 C:/ST/STM32CubeIDE_1.19.0/STM32CubeIDE/plugins/com.st.stm32cube.ide.mcu.externaltools.gnu-tools-for-stm32.13.3.rel1.win32_1.0.0.202411081344/tools/bin/../lib/gcc/arm-none-eabi/13.3.1/../../../../arm-none-eabi/lib/thumb/v7e-m+fp/hard\libc_nano.a(libc_a-sbrkr.o)
                0x08008018                _sbrk_r
 .text._write_r
                0x08008038       0x24 C:/ST/STM32CubeIDE_1.19.0/STM32CubeIDE/plugins/com.st.stm32cube.ide.mcu.externaltools.gnu-tools-for-stm32.13.3.rel1.win32_1.0.0.202411081344/tools/bin/../lib/gcc/arm-none-eabi/13.3.1/../../../../arm-none-eabi/lib/thumb/v7e-m+fp/hard\libc_nano.a(libc_a-writer.o)
                0x08008038                _write_r
 .text.__errno  0x0800805c        0xc C:/ST/STM32CubeIDE_1.19.0/STM32CubeIDE/plugins/com.st.stm32cube.ide.mcu.externaltools.gnu-tools-for-stm32.13.3.rel1.win32_1.0.0.202411081344/tools/bin/../lib/gcc/arm-none-eabi/13.3.1/../../../../arm-none-eabi/lib/thumb/v7e-m+fp/hard\libc_nano.a(libc_a-errno.o)
                0x0800805c                __errno
 .text.__libc_init_array
                0x08008068       0x48 C:/ST/STM32CubeIDE_1.19.0/STM32CubeIDE/plugins/com.st.stm32cube.ide.mcu.externaltools.gnu-tools-for-stm32.13.3.rel1.win32_1.0.0.202411081344/tools/bin/../lib/gcc/arm-none-eabi/13.3.1/../../../../arm-none-eabi/lib/thumb/v7e-m+fp/hard\libc_nano.a(libc_a-init.o)
                0x08008068                __libc_init_array
 .text.__retarget_lock_init_recursive
                0x080080b0        0x2 C:/ST/STM32CubeIDE_1.19.0/STM32CubeIDE/plugins/com.st.stm32cube.ide.mcu.externaltools.gnu-tools-for-stm32.13.3.rel1.win32_1.0.0.202411081344/tools/bin/../lib/gcc/arm-none-eabi/13.3.1/../../../../arm-none-eabi/lib/thumb/v7e-m+fp/hard\libc_nano.a(libc_a-lock.o)
                0x080080b0                __retarget_lock_init_recursive
 .text.__retarget_lock_acquire_recursive
                0x080080b2        0x2 C:/ST/STM32CubeIDE_1.19.0/STM32CubeIDE/plugins/com.st.stm32cube.ide.mcu.externaltools.gnu-tools-for-stm32.13.3.rel1.win32_1.0.0.202411081344/tools/bin/../lib/gcc/arm-none-eabi/13.3.1/../../../../arm-none-eabi/lib/thumb/v7e-m+fp/hard\libc_nano.a(libc_a-lock.o)
                0x080080b2                __retarget_lock_acquire_recursive
 .text.__retarget_lock_release_recursive
                0x080080b4        0x2 C:/ST/STM32CubeIDE_1.19.0/STM32CubeIDE/plugins/com.st.stm32cube.ide.mcu.externaltools.gnu-tools-for-stm32.13.3.rel1.win32_1.0.0.202411081344/tools/bin/../lib/gcc/arm-none-eabi/13.3.1/../../../../arm-none-eabi/lib/thumb/v7e-m+fp/hard\libc_nano.a(libc_a-lock.o)
                0x080080b4                __retarget_lock_release_recursive
 .text.memcpy   0x080080b6       0x1c C:/ST/STM32CubeIDE_1.19.0/STM32CubeIDE/plugins/com.st.stm32cube.ide.mcu.externaltools.gnu-tools-for-stm32.13.3.rel1.win32_1.0.0.202411081344/tools/bin/../lib/gcc/arm-none-eabi/13.3.1/../../../../arm-none-eabi/lib/thumb/v7e-m+fp/hard\libc_nano.a(libc_a-memcpy-stub.o)
                0x080080b6                memcpy
 *fill*         0x080080d2        0x2 
 .text._free_r  0x080080d4       0x94 C:/ST/STM32CubeIDE_1.19.0/STM32CubeIDE/plugins/com.st.stm32cube.ide.mcu.externaltools.gnu-tools-for-stm32.13.3.rel1.win32_1.0.0.202411081344/tools/bin/../lib/gcc/arm-none-eabi/13.3.1/../../../../arm-none-eabi/lib/thumb/v7e-m+fp/hard\libc_nano.a(libc_a-freer.o)
                0x080080d4                _free_r
 .text.__ssputs_r
                0x08008168       0xb6 C:/ST/STM32CubeIDE_1.19.0/STM32CubeIDE/plugins/com.st.stm32cube.ide.mcu.externaltools.gnu-tools-for-stm32.13.3.rel1.win32_1.0.0.202411081344/tools/bin/../lib/gcc/arm-none-eabi/13.3.1/../../../../arm-none-eabi/lib/thumb/v7e-m+fp/hard\libc_nano.a(libc_a-nano-svfprintf.o)
                0x08008168                __ssputs_r
 *fill*         0x0800821e        0x2 
 .text._svfprintf_r
                0x08008220      0x1f8 C:/ST/STM32CubeIDE_1.19.0/STM32CubeIDE/plugins/com.st.stm32cube.ide.mcu.externaltools.gnu-tools-for-stm32.13.3.rel1.win32_1.0.0.202411081344/tools/bin/../lib/gcc/arm-none-eabi/13.3.1/../../../../arm-none-eabi/lib/thumb/v7e-m+fp/hard\libc_nano.a(libc_a-nano-svfprintf.o)
                0x08008220                _svfiprintf_r
                0x08008220                _svfprintf_r
 .text.__sfputc_r
                0x08008418       0x2e C:/ST/STM32CubeIDE_1.19.0/STM32CubeIDE/plugins/com.st.stm32cube.ide.mcu.externaltools.gnu-tools-for-stm32.13.3.rel1.win32_1.0.0.202411081344/tools/bin/../lib/gcc/arm-none-eabi/13.3.1/../../../../arm-none-eabi/lib/thumb/v7e-m+fp/hard\libc_nano.a(libc_a-nano-vfprintf.o)
 .text.__sfputs_r
                0x08008446       0x24 C:/ST/STM32CubeIDE_1.19.0/STM32CubeIDE/plugins/com.st.stm32cube.ide.mcu.externaltools.gnu-tools-for-stm32.13.3.rel1.win32_1.0.0.202411081344/tools/bin/../lib/gcc/arm-none-eabi/13.3.1/../../../../arm-none-eabi/lib/thumb/v7e-m+fp/hard\libc_nano.a(libc_a-nano-vfprintf.o)
                0x08008446                __sfputs_r
 *fill*         0x0800846a        0x2 
 .text._vfprintf_r
                0x0800846c      0x230 C:/ST/STM32CubeIDE_1.19.0/STM32CubeIDE/plugins/com.st.stm32cube.ide.mcu.externaltools.gnu-tools-for-stm32.13.3.rel1.win32_1.0.0.202411081344/tools/bin/../lib/gcc/arm-none-eabi/13.3.1/../../../../arm-none-eabi/lib/thumb/v7e-m+fp/hard\libc_nano.a(libc_a-nano-vfprintf.o)
                0x0800846c                _vfprintf_r
                0x0800846c                _vfiprintf_r
 .text._printf_common
                0x0800869c       0xda C:/ST/STM32CubeIDE_1.19.0/STM32CubeIDE/plugins/com.st.stm32cube.ide.mcu.externaltools.gnu-tools-for-stm32.13.3.rel1.win32_1.0.0.202411081344/tools/bin/../lib/gcc/arm-none-eabi/13.3.1/../../../../arm-none-eabi/lib/thumb/v7e-m+fp/hard\libc_nano.a(libc_a-nano-vfprintf_i.o)
                0x0800869c                _printf_common
 *fill*         0x08008776        0x2 
 .text._printf_i
                0x08008778      0x23c C:/ST/STM32CubeIDE_1.19.0/STM32CubeIDE/plugins/com.st.stm32cube.ide.mcu.externaltools.gnu-tools-for-stm32.13.3.rel1.win32_1.0.0.202411081344/tools/bin/../lib/gcc/arm-none-eabi/13.3.1/../../../../arm-none-eabi/lib/thumb/v7e-m+fp/hard\libc_nano.a(libc_a-nano-vfprintf_i.o)
                0x08008778                _printf_i
 .text.__sflush_r
                0x080089b4      0x108 C:/ST/STM32CubeIDE_1.19.0/STM32CubeIDE/plugins/com.st.stm32cube.ide.mcu.externaltools.gnu-tools-for-stm32.13.3.rel1.win32_1.0.0.202411081344/tools/bin/../lib/gcc/arm-none-eabi/13.3.1/../../../../arm-none-eabi/lib/thumb/v7e-m+fp/hard\libc_nano.a(libc_a-fflush.o)
                0x080089b4                __sflush_r
 .text._fflush_r
                0x08008abc       0x50 C:/ST/STM32CubeIDE_1.19.0/STM32CubeIDE/plugins/com.st.stm32cube.ide.mcu.externaltools.gnu-tools-for-stm32.13.3.rel1.win32_1.0.0.202411081344/tools/bin/../lib/gcc/arm-none-eabi/13.3.1/../../../../arm-none-eabi/lib/thumb/v7e-m+fp/hard\libc_nano.a(libc_a-fflush.o)
                0x08008abc                _fflush_r
 .text.__swhatbuf_r
                0x08008b0c       0x4c C:/ST/STM32CubeIDE_1.19.0/STM32CubeIDE/plugins/com.st.stm32cube.ide.mcu.externaltools.gnu-tools-for-stm32.13.3.rel1.win32_1.0.0.202411081344/tools/bin/../lib/gcc/arm-none-eabi/13.3.1/../../../../arm-none-eabi/lib/thumb/v7e-m+fp/hard\libc_nano.a(libc_a-makebuf.o)
                0x08008b0c                __swhatbuf_r
 .text.__smakebuf_r
                0x08008b58       0x78 C:/ST/STM32CubeIDE_1.19.0/STM32CubeIDE/plugins/com.st.stm32cube.ide.mcu.externaltools.gnu-tools-for-stm32.13.3.rel1.win32_1.0.0.202411081344/tools/bin/../lib/gcc/arm-none-eabi/13.3.1/../../../../arm-none-eabi/lib/thumb/v7e-m+fp/hard\libc_nano.a(libc_a-makebuf.o)
                0x08008b58                __smakebuf_r
 .text._fstat_r
                0x08008bd0       0x24 C:/ST/STM32CubeIDE_1.19.0/STM32CubeIDE/plugins/com.st.stm32cube.ide.mcu.externaltools.gnu-tools-for-stm32.13.3.rel1.win32_1.0.0.202411081344/tools/bin/../lib/gcc/arm-none-eabi/13.3.1/../../../../arm-none-eabi/lib/thumb/v7e-m+fp/hard\libc_nano.a(libc_a-fstatr.o)
                0x08008bd0                _fstat_r
 .text._isatty_r
                0x08008bf4       0x20 C:/ST/STM32CubeIDE_1.19.0/STM32CubeIDE/plugins/com.st.stm32cube.ide.mcu.externaltools.gnu-tools-for-stm32.13.3.rel1.win32_1.0.0.202411081344/tools/bin/../lib/gcc/arm-none-eabi/13.3.1/../../../../arm-none-eabi/lib/thumb/v7e-m+fp/hard\libc_nano.a(libc_a-isattyr.o)
                0x08008bf4                _isatty_r
 .text._realloc_r
                0x08008c14       0x5c C:/ST/STM32CubeIDE_1.19.0/STM32CubeIDE/plugins/com.st.stm32cube.ide.mcu.externaltools.gnu-tools-for-stm32.13.3.rel1.win32_1.0.0.202411081344/tools/bin/../lib/gcc/arm-none-eabi/13.3.1/../../../../arm-none-eabi/lib/thumb/v7e-m+fp/hard\libc_nano.a(libc_a-reallocr.o)
                0x08008c14                _realloc_r
 .text._malloc_usable_size_r
                0x08008c70       0x10 C:/ST/STM32CubeIDE_1.19.0/STM32CubeIDE/plugins/com.st.stm32cube.ide.mcu.externaltools.gnu-tools-for-stm32.13.3.rel1.win32_1.0.0.202411081344/tools/bin/../lib/gcc/arm-none-eabi/13.3.1/../../../../arm-none-eabi/lib/thumb/v7e-m+fp/hard\libc_nano.a(libc_a-msizer.o)
                0x08008c70                _malloc_usable_size_r
 *(.glue_7)
 .glue_7        0x08008c80        0x0 linker stubs
 *(.glue_7t)
 .glue_7t       0x08008c80        0x0 linker stubs
 *(.eh_frame)
 .eh_frame      0x08008c80        0x0 C:/ST/STM32CubeIDE_1.19.0/STM32CubeIDE/plugins/com.st.stm32cube.ide.mcu.externaltools.gnu-tools-for-stm32.13.3.rel1.win32_1.0.0.202411081344/tools/bin/../lib/gcc/arm-none-eabi/13.3.1/thumb/v7e-m+fp/hard/crtbegin.o
 *(.init)
 .init          0x08008c80        0x4 C:/ST/STM32CubeIDE_1.19.0/STM32CubeIDE/plugins/com.st.stm32cube.ide.mcu.externaltools.gnu-tools-for-stm32.13.3.rel1.win32_1.0.0.202411081344/tools/bin/../lib/gcc/arm-none-eabi/13.3.1/thumb/v7e-m+fp/hard/crti.o
                0x08008c80                _init
 .init          0x08008c84        0x8 C:/ST/STM32CubeIDE_1.19.0/STM32CubeIDE/plugins/com.st.stm32cube.ide.mcu.externaltools.gnu-tools-for-stm32.13.3.rel1.win32_1.0.0.202411081344/tools/bin/../lib/gcc/arm-none-eabi/13.3.1/thumb/v7e-m+fp/hard/crtn.o
 *(.fini)
 .fini          0x08008c8c        0x4 C:/ST/STM32CubeIDE_1.19.0/STM32CubeIDE/plugins/com.st.stm32cube.ide.mcu.externaltools.gnu-tools-for-stm32.13.3.rel1.win32_1.0.0.202411081344/tools/bin/../lib/gcc/arm-none-eabi/13.3.1/thumb/v7e-m+fp/hard/crti.o
                0x08008c8c                _fini
 .fini          0x08008c90        0x8 C:/ST/STM32CubeIDE_1.19.0/STM32CubeIDE/plugins/com.st.stm32cube.ide.mcu.externaltools.gnu-tools-for-stm32.13.3.rel1.win32_1.0.0.202411081344/tools/bin/../lib/gcc/arm-none-eabi/13.3.1/thumb/v7e-m+fp/hard/crtn.o
                0x08008c98                        . = ALIGN (0x4)
                0x08008c98                        _etext = .

.vfp11_veneer   0x08008c98        0x0
 .vfp11_veneer  0x08008c98        0x0 linker stubs

.v4_bx          0x08008c98        0x0
 .v4_bx         0x08008c98        0x0 linker stubs

.iplt           0x08008c98        0x0
 .iplt          0x08008c98        0x0 C:/ST/STM32CubeIDE_1.19.0/STM32CubeIDE/plugins/com.st.stm32cube.ide.mcu.externaltools.gnu-tools-for-stm32.13.3.rel1.win32_1.0.0.202411081344/tools/bin/../lib/gcc/arm-none-eabi/13.3.1/thumb/v7e-m+fp/hard/crtbegin.o

.rodata         0x08008c98     0x2a58
                0x08008c98                        . = ALIGN (0x4)
 *(.rodata)
 .rodata        0x08008c98      0x79a ./Core/Src/main.o
 *fill*         0x08009432        0x2 
 .rodata        0x08009434        0x5 ./Middlewares/Third_Party/FreeRTOS/Source/tasks.o
 *(.rodata*)
 *fill*         0x08009439        0x3 
 .rodata.aes_key
                0x0800943c       0x10 ./Core/Src/main.o
 .rodata.chacha20_key
                0x0800944c       0x20 ./Core/Src/main.o
 .rodata.chacha20_nonce
                0x0800946c        0xc ./Core/Src/main.o
 .rodata.AHBPrescTable
                0x08009478       0x10 ./Core/Src/system_stm32f4xx.o
                0x08009478                AHBPrescTable
 .rodata.APBPrescTable
                0x08009488        0x8 ./Core/Src/system_stm32f4xx.o
                0x08009488                APBPrescTable
 .rodata.FSb    0x08009490      0x100 ./Middlewares/Third_Party/mbedTLS/library/aes.o
 .rodata.FT0    0x08009590      0x400 ./Middlewares/Third_Party/mbedTLS/library/aes.o
 .rodata.FT1    0x08009990      0x400 ./Middlewares/Third_Party/mbedTLS/library/aes.o
 .rodata.FT2    0x08009d90      0x400 ./Middlewares/Third_Party/mbedTLS/library/aes.o
 .rodata.FT3    0x0800a190      0x400 ./Middlewares/Third_Party/mbedTLS/library/aes.o
 .rodata.RSb    0x0800a590      0x100 ./Middlewares/Third_Party/mbedTLS/library/aes.o
 .rodata.RT0    0x0800a690      0x400 ./Middlewares/Third_Party/mbedTLS/library/aes.o
 .rodata.RT1    0x0800aa90      0x400 ./Middlewares/Third_Party/mbedTLS/library/aes.o
 .rodata.RT2    0x0800ae90      0x400 ./Middlewares/Third_Party/mbedTLS/library/aes.o
 .rodata.RT3    0x0800b290      0x400 ./Middlewares/Third_Party/mbedTLS/library/aes.o
 .rodata.RCON   0x0800b690       0x28 ./Middlewares/Third_Party/mbedTLS/library/aes.o
 .rodata.memset_func
                0x0800b6b8        0x4 ./Middlewares/Third_Party/mbedTLS/library/platform_util.o
 .rodata._svfprintf_r.str1.1
                0x0800b6bc       0x33 C:/ST/STM32CubeIDE_1.19.0/STM32CubeIDE/plugins/com.st.stm32cube.ide.mcu.externaltools.gnu-tools-for-stm32.13.3.rel1.win32_1.0.0.202411081344/tools/bin/../lib/gcc/arm-none-eabi/13.3.1/../../../../arm-none-eabi/lib/thumb/v7e-m+fp/hard\libc_nano.a(libc_a-nano-svfprintf.o)
                                 0x11 (size before relaxing)
 .rodata._vfprintf_r.str1.1
                0x0800b6ef       0x11 C:/ST/STM32CubeIDE_1.19.0/STM32CubeIDE/plugins/com.st.stm32cube.ide.mcu.externaltools.gnu-tools-for-stm32.13.3.rel1.win32_1.0.0.202411081344/tools/bin/../lib/gcc/arm-none-eabi/13.3.1/../../../../arm-none-eabi/lib/thumb/v7e-m+fp/hard\libc_nano.a(libc_a-nano-vfprintf.o)
 .rodata._printf_i.str1.1
                0x0800b6ef       0x22 C:/ST/STM32CubeIDE_1.19.0/STM32CubeIDE/plugins/com.st.stm32cube.ide.mcu.externaltools.gnu-tools-for-stm32.13.3.rel1.win32_1.0.0.202411081344/tools/bin/../lib/gcc/arm-none-eabi/13.3.1/../../../../arm-none-eabi/lib/thumb/v7e-m+fp/hard\libc_nano.a(libc_a-nano-vfprintf_i.o)
                0x0800b714                        . = ALIGN (0x4)
 *fill*         0x0800b6ef        0x1 

.ARM.extab      0x0800b6f0        0x0
                0x0800b6f0                        . = ALIGN (0x4)
 *(.ARM.extab* .gnu.linkonce.armextab.*)
                0x0800b6f0                        . = ALIGN (0x4)

.ARM            0x0800b6f0        0x8
                0x0800b6f0                        . = ALIGN (0x4)
                0x0800b6f0                        __exidx_start = .
 *(.ARM.exidx*)
 .ARM.exidx     0x0800b6f0        0x8 C:/ST/STM32CubeIDE_1.19.0/STM32CubeIDE/plugins/com.st.stm32cube.ide.mcu.externaltools.gnu-tools-for-stm32.13.3.rel1.win32_1.0.0.202411081344/tools/bin/../lib/gcc/arm-none-eabi/13.3.1/../../../../arm-none-eabi/lib/thumb/v7e-m+fp/hard\libc_nano.a(libc_a-strlen.o)
 .ARM.exidx     0x0800b6f8        0x0 C:/ST/STM32CubeIDE_1.19.0/STM32CubeIDE/plugins/com.st.stm32cube.ide.mcu.externaltools.gnu-tools-for-stm32.13.3.rel1.win32_1.0.0.202411081344/tools/bin/../lib/gcc/arm-none-eabi/13.3.1/../../../../arm-none-eabi/lib/thumb/v7e-m+fp/hard\libc_nano.a(libc_a-memchr.o)
                                  0x8 (size before relaxing)
 .ARM.exidx     0x0800b6f8        0x0 C:/ST/STM32CubeIDE_1.19.0/STM32CubeIDE/plugins/com.st.stm32cube.ide.mcu.externaltools.gnu-tools-for-stm32.13.3.rel1.win32_1.0.0.202411081344/tools/bin/../lib/gcc/arm-none-eabi/13.3.1/thumb/v7e-m+fp/hard\libgcc.a(_udivmoddi4.o)
                                  0x8 (size before relaxing)
                0x0800b6f8                        __exidx_end = .
                0x0800b6f8                        . = ALIGN (0x4)

.preinit_array  0x0800b6f8        0x0
                0x0800b6f8                        . = ALIGN (0x4)
                0x0800b6f8                        PROVIDE (__preinit_array_start = .)
 *(.preinit_array*)
                0x0800b6f8                        PROVIDE (__preinit_array_end = .)
                0x0800b6f8                        . = ALIGN (0x4)

.init_array     0x0800b6f8        0x4
                0x0800b6f8                        . = ALIGN (0x4)
                0x0800b6f8                        PROVIDE (__init_array_start = .)
 *(SORT_BY_NAME(.init_array.*))
 *(.init_array*)
 .init_array    0x0800b6f8        0x4 C:/ST/STM32CubeIDE_1.19.0/STM32CubeIDE/plugins/com.st.stm32cube.ide.mcu.externaltools.gnu-tools-for-stm32.13.3.rel1.win32_1.0.0.202411081344/tools/bin/../lib/gcc/arm-none-eabi/13.3.1/thumb/v7e-m+fp/hard/crtbegin.o
                0x0800b6fc                        PROVIDE (__init_array_end = .)
                0x0800b6fc                        . = ALIGN (0x4)

.fini_array     0x0800b6fc        0x4
                0x0800b6fc                        . = ALIGN (0x4)
                [!provide]                        PROVIDE (__fini_array_start = .)
 *(SORT_BY_NAME(.fini_array.*))
 *(.fini_array*)
 .fini_array    0x0800b6fc        0x4 C:/ST/STM32CubeIDE_1.19.0/STM32CubeIDE/plugins/com.st.stm32cube.ide.mcu.externaltools.gnu-tools-for-stm32.13.3.rel1.win32_1.0.0.202411081344/tools/bin/../lib/gcc/arm-none-eabi/13.3.1/thumb/v7e-m+fp/hard/crtbegin.o
                [!provide]                        PROVIDE (__fini_array_end = .)
                0x0800b700                        . = ALIGN (0x4)
                0x0800b700                        _sidata = LOADADDR (.data)

.rel.dyn        0x0800b700        0x0
 .rel.iplt      0x0800b700        0x0 C:/ST/STM32CubeIDE_1.19.0/STM32CubeIDE/plugins/com.st.stm32cube.ide.mcu.externaltools.gnu-tools-for-stm32.13.3.rel1.win32_1.0.0.202411081344/tools/bin/../lib/gcc/arm-none-eabi/13.3.1/thumb/v7e-m+fp/hard/crtbegin.o

.data           0x20000000       0x7c load address 0x0800b700
                0x20000000                        . = ALIGN (0x4)
                0x20000000                        _sdata = .
 *(.data)
 *(.data*)
 .data.aes_iv   0x20000000       0x10 ./Core/Src/main.o
 .data.SystemCoreClock
                0x20000010        0x4 ./Core/Src/system_stm32f4xx.o
                0x20000010                SystemCoreClock
 .data.uwTickPrio
                0x20000014        0x4 ./Drivers/STM32F4xx_HAL_Driver/Src/stm32f4xx_hal.o
                0x20000014                uwTickPrio
 .data.uwTickFreq
                0x20000018        0x1 ./Drivers/STM32F4xx_HAL_Driver/Src/stm32f4xx_hal.o
                0x20000018                uwTickFreq
 *fill*         0x20000019        0x3 
 .data.uxCriticalNesting
                0x2000001c        0x4 ./Middlewares/Third_Party/FreeRTOS/Source/portable/GCC/ARM_CM4F/port.o
 .data.__sglue  0x20000020        0xc C:/ST/STM32CubeIDE_1.19.0/STM32CubeIDE/plugins/com.st.stm32cube.ide.mcu.externaltools.gnu-tools-for-stm32.13.3.rel1.win32_1.0.0.202411081344/tools/bin/../lib/gcc/arm-none-eabi/13.3.1/../../../../arm-none-eabi/lib/thumb/v7e-m+fp/hard\libc_nano.a(libc_a-findfp.o)
                0x20000020                __sglue
 .data._impure_ptr
                0x2000002c        0x4 C:/ST/STM32CubeIDE_1.19.0/STM32CubeIDE/plugins/com.st.stm32cube.ide.mcu.externaltools.gnu-tools-for-stm32.13.3.rel1.win32_1.0.0.202411081344/tools/bin/../lib/gcc/arm-none-eabi/13.3.1/../../../../arm-none-eabi/lib/thumb/v7e-m+fp/hard\libc_nano.a(libc_a-impure.o)
                0x2000002c                _impure_ptr
 .data._impure_data
                0x20000030       0x4c C:/ST/STM32CubeIDE_1.19.0/STM32CubeIDE/plugins/com.st.stm32cube.ide.mcu.externaltools.gnu-tools-for-stm32.13.3.rel1.win32_1.0.0.202411081344/tools/bin/../lib/gcc/arm-none-eabi/13.3.1/../../../../arm-none-eabi/lib/thumb/v7e-m+fp/hard\libc_nano.a(libc_a-impure.o)
                0x20000030                _impure_data
 *(.RamFunc)
 *(.RamFunc*)
                0x2000007c                        . = ALIGN (0x4)
                0x2000007c                        _edata = .

.igot.plt       0x2000007c        0x0 load address 0x0800b77c
 .igot.plt      0x2000007c        0x0 C:/ST/STM32CubeIDE_1.19.0/STM32CubeIDE/plugins/com.st.stm32cube.ide.mcu.externaltools.gnu-tools-for-stm32.13.3.rel1.win32_1.0.0.202411081344/tools/bin/../lib/gcc/arm-none-eabi/13.3.1/thumb/v7e-m+fp/hard/crtbegin.o
                0x2000007c                        . = ALIGN (0x4)

.bss            0x2000007c     0x41e4 load address 0x0800b77c
                0x2000007c                        _sbss = .
                0x2000007c                        __bss_start__ = _sbss
 *(.bss)
 .bss           0x2000007c       0x1c C:/ST/STM32CubeIDE_1.19.0/STM32CubeIDE/plugins/com.st.stm32cube.ide.mcu.externaltools.gnu-tools-for-stm32.13.3.rel1.win32_1.0.0.202411081344/tools/bin/../lib/gcc/arm-none-eabi/13.3.1/thumb/v7e-m+fp/hard/crtbegin.o
 *(.bss*)
 .bss.xIdleTaskTCBBuffer
                0x20000098       0x54 ./Core/Src/freertos.o
 .bss.xIdleStack
                0x200000ec      0x200 ./Core/Src/freertos.o
 .bss.hadc1     0x200002ec       0x48 ./Core/Src/main.o
                0x200002ec                hadc1
 .bss.huart2    0x20000334       0x48 ./Core/Src/main.o
                0x20000334                huart2
 .bss.AESTaskHandle
                0x2000037c        0x4 ./Core/Src/main.o
                0x2000037c                AESTaskHandle
 .bss.ChaCha20TaskHandle
                0x20000380        0x4 ./Core/Src/main.o
                0x20000380                ChaCha20TaskHandle
 .bss.ADCReadTaskHandle
                0x20000384        0x4 ./Core/Src/main.o
                0x20000384                ADCReadTaskHandle
 .bss.UARTTransmitTaskHandle
                0x20000388        0x4 ./Core/Src/main.o
                0x20000388                UARTTransmitTaskHandle
 .bss.preEncryptQueueHandle
                0x2000038c        0x4 ./Core/Src/main.o
                0x2000038c                preEncryptQueueHandle
 .bss.postEncryptQueueHandle
                0x20000390        0x4 ./Core/Src/main.o
                0x20000390                postEncryptQueueHandle
 .bss.uartMutexHandle
                0x20000394        0x4 ./Core/Src/main.o
                0x20000394                uartMutexHandle
 .bss.currentMode
                0x20000398        0x1 ./Core/Src/main.o
                0x20000398                currentMode
 .bss.pendingMode
                0x20000399        0x1 ./Core/Src/main.o
                0x20000399                pendingMode
 *fill*         0x2000039a        0x2 
 .bss.sequenceCounter
                0x2000039c        0x4 ./Core/Src/main.o
                0x2000039c                sequenceCounter
 .bss.adcValue  0x200003a0        0x2 ./Core/Src/main.o
                0x200003a0                adcValue
 *fill*         0x200003a2        0x2 
 .bss.voltageReading
                0x200003a4        0x4 ./Core/Src/main.o
                0x200003a4                voltageReading
 .bss.debugISRCounter
                0x200003a8        0x4 ./Core/Src/main.o
                0x200003a8                debugISRCounter
 .bss.debugPA6Counter
                0x200003ac        0x4 ./Core/Src/main.o
                0x200003ac                debugPA6Counter
 .bss.debugPA7Counter
                0x200003b0        0x4 ./Core/Src/main.o
                0x200003b0                debugPA7Counter
 .bss.counter.2
                0x200003b4        0x4 ./Core/Src/main.o
 .bss.counter.1
                0x200003b8        0x4 ./Core/Src/main.o
 .bss.lastReportedMode.0
                0x200003bc        0x1 ./Core/Src/main.o
 *fill*         0x200003bd        0x3 
 .bss.__sbrk_heap_end
                0x200003c0        0x4 ./Core/Src/sysmem.o
 .bss.uwTick    0x200003c4        0x4 ./Drivers/STM32F4xx_HAL_Driver/Src/stm32f4xx_hal.o
                0x200003c4                uwTick
 .bss.pxCurrentTCB
                0x200003c8        0x4 ./Middlewares/Third_Party/FreeRTOS/Source/tasks.o
                0x200003c8                pxCurrentTCB
 .bss.pxReadyTasksLists
                0x200003cc       0x8c ./Middlewares/Third_Party/FreeRTOS/Source/tasks.o
 .bss.xDelayedTaskList1
                0x20000458       0x14 ./Middlewares/Third_Party/FreeRTOS/Source/tasks.o
 .bss.xDelayedTaskList2
                0x2000046c       0x14 ./Middlewares/Third_Party/FreeRTOS/Source/tasks.o
 .bss.pxDelayedTaskList
                0x20000480        0x4 ./Middlewares/Third_Party/FreeRTOS/Source/tasks.o
 .bss.pxOverflowDelayedTaskList
                0x20000484        0x4 ./Middlewares/Third_Party/FreeRTOS/Source/tasks.o
 .bss.xPendingReadyList
                0x20000488       0x14 ./Middlewares/Third_Party/FreeRTOS/Source/tasks.o
 .bss.xTasksWaitingTermination
                0x2000049c       0x14 ./Middlewares/Third_Party/FreeRTOS/Source/tasks.o
 .bss.uxDeletedTasksWaitingCleanUp
                0x200004b0        0x4 ./Middlewares/Third_Party/FreeRTOS/Source/tasks.o
 .bss.xSuspendedTaskList
                0x200004b4       0x14 ./Middlewares/Third_Party/FreeRTOS/Source/tasks.o
 .bss.uxCurrentNumberOfTasks
                0x200004c8        0x4 ./Middlewares/Third_Party/FreeRTOS/Source/tasks.o
 .bss.xTickCount
                0x200004cc        0x4 ./Middlewares/Third_Party/FreeRTOS/Source/tasks.o
 .bss.uxTopReadyPriority
                0x200004d0        0x4 ./Middlewares/Third_Party/FreeRTOS/Source/tasks.o
 .bss.xSchedulerRunning
                0x200004d4        0x4 ./Middlewares/Third_Party/FreeRTOS/Source/tasks.o
 .bss.xPendedTicks
                0x200004d8        0x4 ./Middlewares/Third_Party/FreeRTOS/Source/tasks.o
 .bss.xYieldPending
                0x200004dc        0x4 ./Middlewares/Third_Party/FreeRTOS/Source/tasks.o
 .bss.xNumOfOverflows
                0x200004e0        0x4 ./Middlewares/Third_Party/FreeRTOS/Source/tasks.o
 .bss.uxTaskNumber
                0x200004e4        0x4 ./Middlewares/Third_Party/FreeRTOS/Source/tasks.o
 .bss.xNextTaskUnblockTime
                0x200004e8        0x4 ./Middlewares/Third_Party/FreeRTOS/Source/tasks.o
 .bss.xIdleTaskHandle
                0x200004ec        0x4 ./Middlewares/Third_Party/FreeRTOS/Source/tasks.o
 .bss.uxSchedulerSuspended
                0x200004f0        0x4 ./Middlewares/Third_Party/FreeRTOS/Source/tasks.o
 .bss.ucHeap    0x200004f4     0x3c00 ./Middlewares/Third_Party/FreeRTOS/Source/portable/MemMang/heap_4.o
 .bss.xStart    0x200040f4        0x8 ./Middlewares/Third_Party/FreeRTOS/Source/portable/MemMang/heap_4.o
 .bss.pxEnd     0x200040fc        0x4 ./Middlewares/Third_Party/FreeRTOS/Source/portable/MemMang/heap_4.o
 .bss.xFreeBytesRemaining
                0x20004100        0x4 ./Middlewares/Third_Party/FreeRTOS/Source/portable/MemMang/heap_4.o
 .bss.xMinimumEverFreeBytesRemaining
                0x20004104        0x4 ./Middlewares/Third_Party/FreeRTOS/Source/portable/MemMang/heap_4.o
 .bss.xNumberOfSuccessfulAllocations
                0x20004108        0x4 ./Middlewares/Third_Party/FreeRTOS/Source/portable/MemMang/heap_4.o
 .bss.xNumberOfSuccessfulFrees
                0x2000410c        0x4 ./Middlewares/Third_Party/FreeRTOS/Source/portable/MemMang/heap_4.o
 .bss.xBlockAllocatedBit
                0x20004110        0x4 ./Middlewares/Third_Party/FreeRTOS/Source/portable/MemMang/heap_4.o
 .bss.__malloc_sbrk_start
                0x20004114        0x4 C:/ST/STM32CubeIDE_1.19.0/STM32CubeIDE/plugins/com.st.stm32cube.ide.mcu.externaltools.gnu-tools-for-stm32.13.3.rel1.win32_1.0.0.202411081344/tools/bin/../lib/gcc/arm-none-eabi/13.3.1/../../../../arm-none-eabi/lib/thumb/v7e-m+fp/hard\libc_nano.a(libc_a-mallocr.o)
                0x20004114                __malloc_sbrk_start
 .bss.__malloc_free_list
                0x20004118        0x4 C:/ST/STM32CubeIDE_1.19.0/STM32CubeIDE/plugins/com.st.stm32cube.ide.mcu.externaltools.gnu-tools-for-stm32.13.3.rel1.win32_1.0.0.202411081344/tools/bin/../lib/gcc/arm-none-eabi/13.3.1/../../../../arm-none-eabi/lib/thumb/v7e-m+fp/hard\libc_nano.a(libc_a-mallocr.o)
                0x20004118                __malloc_free_list
 .bss.__sf      0x2000411c      0x138 C:/ST/STM32CubeIDE_1.19.0/STM32CubeIDE/plugins/com.st.stm32cube.ide.mcu.externaltools.gnu-tools-for-stm32.13.3.rel1.win32_1.0.0.202411081344/tools/bin/../lib/gcc/arm-none-eabi/13.3.1/../../../../arm-none-eabi/lib/thumb/v7e-m+fp/hard\libc_nano.a(libc_a-findfp.o)
                0x2000411c                __sf
 .bss.__stdio_exit_handler
                0x20004254        0x4 C:/ST/STM32CubeIDE_1.19.0/STM32CubeIDE/plugins/com.st.stm32cube.ide.mcu.externaltools.gnu-tools-for-stm32.13.3.rel1.win32_1.0.0.202411081344/tools/bin/../lib/gcc/arm-none-eabi/13.3.1/../../../../arm-none-eabi/lib/thumb/v7e-m+fp/hard\libc_nano.a(libc_a-findfp.o)
                0x20004254                __stdio_exit_handler
 .bss.errno     0x20004258        0x4 C:/ST/STM32CubeIDE_1.19.0/STM32CubeIDE/plugins/com.st.stm32cube.ide.mcu.externaltools.gnu-tools-for-stm32.13.3.rel1.win32_1.0.0.202411081344/tools/bin/../lib/gcc/arm-none-eabi/13.3.1/../../../../arm-none-eabi/lib/thumb/v7e-m+fp/hard\libc_nano.a(libc_a-reent.o)
                0x20004258                errno
 .bss.__lock___malloc_recursive_mutex
                0x2000425c        0x1 C:/ST/STM32CubeIDE_1.19.0/STM32CubeIDE/plugins/com.st.stm32cube.ide.mcu.externaltools.gnu-tools-for-stm32.13.3.rel1.win32_1.0.0.202411081344/tools/bin/../lib/gcc/arm-none-eabi/13.3.1/../../../../arm-none-eabi/lib/thumb/v7e-m+fp/hard\libc_nano.a(libc_a-lock.o)
                0x2000425c                __lock___malloc_recursive_mutex
 .bss.__lock___sfp_recursive_mutex
                0x2000425d        0x1 C:/ST/STM32CubeIDE_1.19.0/STM32CubeIDE/plugins/com.st.stm32cube.ide.mcu.externaltools.gnu-tools-for-stm32.13.3.rel1.win32_1.0.0.202411081344/tools/bin/../lib/gcc/arm-none-eabi/13.3.1/../../../../arm-none-eabi/lib/thumb/v7e-m+fp/hard\libc_nano.a(libc_a-lock.o)
                0x2000425d                __lock___sfp_recursive_mutex
 *(COMMON)
                0x20004260                        . = ALIGN (0x4)
 *fill*         0x2000425e        0x2 
                0x20004260                        _ebss = .
                0x20004260                        __bss_end__ = _ebss

._user_heap_stack
                0x20004260      0x600 load address 0x0800b77c
                0x20004260                        . = ALIGN (0x8)
                [!provide]                        PROVIDE (end = .)
                0x20004260                        PROVIDE (_end = .)
                0x20004460                        . = (. + _Min_Heap_Size)
 *fill*         0x20004260      0x200 
                0x20004860                        . = (. + _Min_Stack_Size)
 *fill*         0x20004460      0x400 
                0x20004860                        . = ALIGN (0x8)

/DISCARD/
 libc.a(*)
 libm.a(*)
 libgcc.a(*)

.ARM.attributes
                0x00000000       0x30
 *(.ARM.attributes)
 .ARM.attributes
                0x00000000       0x22 C:/ST/STM32CubeIDE_1.19.0/STM32CubeIDE/plugins/com.st.stm32cube.ide.mcu.externaltools.gnu-tools-for-stm32.13.3.rel1.win32_1.0.0.202411081344/tools/bin/../lib/gcc/arm-none-eabi/13.3.1/thumb/v7e-m+fp/hard/crti.o
 .ARM.attributes
                0x00000022       0x34 C:/ST/STM32CubeIDE_1.19.0/STM32CubeIDE/plugins/com.st.stm32cube.ide.mcu.externaltools.gnu-tools-for-stm32.13.3.rel1.win32_1.0.0.202411081344/tools/bin/../lib/gcc/arm-none-eabi/13.3.1/thumb/v7e-m+fp/hard/crtbegin.o
 .ARM.attributes
                0x00000056       0x34 ./Core/Src/freertos.o
 .ARM.attributes
                0x0000008a       0x34 ./Core/Src/main.o
 .ARM.attributes
                0x000000be       0x34 ./Core/Src/stm32f4xx_hal_msp.o
 .ARM.attributes
                0x000000f2       0x34 ./Core/Src/stm32f4xx_it.o
 .ARM.attributes
                0x00000126       0x34 ./Core/Src/syscalls.o
 .ARM.attributes
                0x0000015a       0x34 ./Core/Src/sysmem.o
 .ARM.attributes
                0x0000018e       0x34 ./Core/Src/system_stm32f4xx.o
 .ARM.attributes
                0x000001c2       0x21 ./Core/Startup/startup_stm32f446retx.o
 .ARM.attributes
                0x000001e3       0x34 ./Drivers/STM32F4xx_HAL_Driver/Src/stm32f4xx_hal.o
 .ARM.attributes
                0x00000217       0x34 ./Drivers/STM32F4xx_HAL_Driver/Src/stm32f4xx_hal_adc.o
 .ARM.attributes
                0x0000024b       0x34 ./Drivers/STM32F4xx_HAL_Driver/Src/stm32f4xx_hal_cortex.o
 .ARM.attributes
                0x0000027f       0x34 ./Drivers/STM32F4xx_HAL_Driver/Src/stm32f4xx_hal_gpio.o
 .ARM.attributes
                0x000002b3       0x34 ./Drivers/STM32F4xx_HAL_Driver/Src/stm32f4xx_hal_rcc.o
 .ARM.attributes
                0x000002e7       0x34 ./Drivers/STM32F4xx_HAL_Driver/Src/stm32f4xx_hal_rcc_ex.o
 .ARM.attributes
                0x0000031b       0x34 ./Drivers/STM32F4xx_HAL_Driver/Src/stm32f4xx_hal_uart.o
 .ARM.attributes
                0x0000034f       0x34 ./MBEDTLS/App/mbedtls.o
 .ARM.attributes
                0x00000383       0x34 ./Middlewares/Third_Party/FreeRTOS/Source/CMSIS_RTOS/cmsis_os.o
 .ARM.attributes
                0x000003b7       0x34 ./Middlewares/Third_Party/FreeRTOS/Source/list.o
 .ARM.attributes
                0x000003eb       0x34 ./Middlewares/Third_Party/FreeRTOS/Source/queue.o
 .ARM.attributes
                0x0000041f       0x34 ./Middlewares/Third_Party/FreeRTOS/Source/tasks.o
 .ARM.attributes
                0x00000453       0x34 ./Middlewares/Third_Party/FreeRTOS/Source/portable/GCC/ARM_CM4F/port.o
 .ARM.attributes
                0x00000487       0x34 ./Middlewares/Third_Party/FreeRTOS/Source/portable/MemMang/heap_4.o
 .ARM.attributes
                0x000004bb       0x34 ./Middlewares/Third_Party/mbedTLS/library/aes.o
 .ARM.attributes
                0x000004ef       0x34 ./Middlewares/Third_Party/mbedTLS/library/chacha20.o
 .ARM.attributes
                0x00000523       0x34 ./Middlewares/Third_Party/mbedTLS/library/platform_util.o
 .ARM.attributes
                0x00000557       0x34 C:/ST/STM32CubeIDE_1.19.0/STM32CubeIDE/plugins/com.st.stm32cube.ide.mcu.externaltools.gnu-tools-for-stm32.13.3.rel1.win32_1.0.0.202411081344/tools/bin/../lib/gcc/arm-none-eabi/13.3.1/../../../../arm-none-eabi/lib/thumb/v7e-m+fp/hard\libc_nano.a(libc_a-mallocr.o)
 .ARM.attributes
                0x0000058b       0x34 C:/ST/STM32CubeIDE_1.19.0/STM32CubeIDE/plugins/com.st.stm32cube.ide.mcu.externaltools.gnu-tools-for-stm32.13.3.rel1.win32_1.0.0.202411081344/tools/bin/../lib/gcc/arm-none-eabi/13.3.1/../../../../arm-none-eabi/lib/thumb/v7e-m+fp/hard\libc_nano.a(libc_a-mlock.o)
 .ARM.attributes
                0x000005bf       0x34 C:/ST/STM32CubeIDE_1.19.0/STM32CubeIDE/plugins/com.st.stm32cube.ide.mcu.externaltools.gnu-tools-for-stm32.13.3.rel1.win32_1.0.0.202411081344/tools/bin/../lib/gcc/arm-none-eabi/13.3.1/../../../../arm-none-eabi/lib/thumb/v7e-m+fp/hard\libc_nano.a(libc_a-findfp.o)
 .ARM.attributes
                0x000005f3       0x34 C:/ST/STM32CubeIDE_1.19.0/STM32CubeIDE/plugins/com.st.stm32cube.ide.mcu.externaltools.gnu-tools-for-stm32.13.3.rel1.win32_1.0.0.202411081344/tools/bin/../lib/gcc/arm-none-eabi/13.3.1/../../../../arm-none-eabi/lib/thumb/v7e-m+fp/hard\libc_nano.a(libc_a-fwalk.o)
 .ARM.attributes
                0x00000627       0x34 C:/ST/STM32CubeIDE_1.19.0/STM32CubeIDE/plugins/com.st.stm32cube.ide.mcu.externaltools.gnu-tools-for-stm32.13.3.rel1.win32_1.0.0.202411081344/tools/bin/../lib/gcc/arm-none-eabi/13.3.1/../../../../arm-none-eabi/lib/thumb/v7e-m+fp/hard\libc_nano.a(libc_a-printf.o)
 .ARM.attributes
                0x0000065b       0x34 C:/ST/STM32CubeIDE_1.19.0/STM32CubeIDE/plugins/com.st.stm32cube.ide.mcu.externaltools.gnu-tools-for-stm32.13.3.rel1.win32_1.0.0.202411081344/tools/bin/../lib/gcc/arm-none-eabi/13.3.1/../../../../arm-none-eabi/lib/thumb/v7e-m+fp/hard\libc_nano.a(libc_a-puts.o)
 .ARM.attributes
                0x0000068f       0x34 C:/ST/STM32CubeIDE_1.19.0/STM32CubeIDE/plugins/com.st.stm32cube.ide.mcu.externaltools.gnu-tools-for-stm32.13.3.rel1.win32_1.0.0.202411081344/tools/bin/../lib/gcc/arm-none-eabi/13.3.1/../../../../arm-none-eabi/lib/thumb/v7e-m+fp/hard\libc_nano.a(libc_a-snprintf.o)
 .ARM.attributes
                0x000006c3       0x34 C:/ST/STM32CubeIDE_1.19.0/STM32CubeIDE/plugins/com.st.stm32cube.ide.mcu.externaltools.gnu-tools-for-stm32.13.3.rel1.win32_1.0.0.202411081344/tools/bin/../lib/gcc/arm-none-eabi/13.3.1/../../../../arm-none-eabi/lib/thumb/v7e-m+fp/hard\libc_nano.a(libc_a-stdio.o)
 .ARM.attributes
                0x000006f7       0x34 C:/ST/STM32CubeIDE_1.19.0/STM32CubeIDE/plugins/com.st.stm32cube.ide.mcu.externaltools.gnu-tools-for-stm32.13.3.rel1.win32_1.0.0.202411081344/tools/bin/../lib/gcc/arm-none-eabi/13.3.1/../../../../arm-none-eabi/lib/thumb/v7e-m+fp/hard\libc_nano.a(libc_a-wbuf.o)
 .ARM.attributes
                0x0000072b       0x34 C:/ST/STM32CubeIDE_1.19.0/STM32CubeIDE/plugins/com.st.stm32cube.ide.mcu.externaltools.gnu-tools-for-stm32.13.3.rel1.win32_1.0.0.202411081344/tools/bin/../lib/gcc/arm-none-eabi/13.3.1/../../../../arm-none-eabi/lib/thumb/v7e-m+fp/hard\libc_nano.a(libc_a-wsetup.o)
 .ARM.attributes
                0x0000075f       0x34 C:/ST/STM32CubeIDE_1.19.0/STM32CubeIDE/plugins/com.st.stm32cube.ide.mcu.externaltools.gnu-tools-for-stm32.13.3.rel1.win32_1.0.0.202411081344/tools/bin/../lib/gcc/arm-none-eabi/13.3.1/../../../../arm-none-eabi/lib/thumb/v7e-m+fp/hard\libc_nano.a(libc_a-memmove.o)
 .ARM.attributes
                0x00000793       0x34 C:/ST/STM32CubeIDE_1.19.0/STM32CubeIDE/plugins/com.st.stm32cube.ide.mcu.externaltools.gnu-tools-for-stm32.13.3.rel1.win32_1.0.0.202411081344/tools/bin/../lib/gcc/arm-none-eabi/13.3.1/../../../../arm-none-eabi/lib/thumb/v7e-m+fp/hard\libc_nano.a(libc_a-memset.o)
 .ARM.attributes
                0x000007c7       0x34 C:/ST/STM32CubeIDE_1.19.0/STM32CubeIDE/plugins/com.st.stm32cube.ide.mcu.externaltools.gnu-tools-for-stm32.13.3.rel1.win32_1.0.0.202411081344/tools/bin/../lib/gcc/arm-none-eabi/13.3.1/../../../../arm-none-eabi/lib/thumb/v7e-m+fp/hard\libc_nano.a(libc_a-closer.o)
 .ARM.attributes
                0x000007fb       0x34 C:/ST/STM32CubeIDE_1.19.0/STM32CubeIDE/plugins/com.st.stm32cube.ide.mcu.externaltools.gnu-tools-for-stm32.13.3.rel1.win32_1.0.0.202411081344/tools/bin/../lib/gcc/arm-none-eabi/13.3.1/../../../../arm-none-eabi/lib/thumb/v7e-m+fp/hard\libc_nano.a(libc_a-reent.o)
 .ARM.attributes
                0x0000082f       0x34 C:/ST/STM32CubeIDE_1.19.0/STM32CubeIDE/plugins/com.st.stm32cube.ide.mcu.externaltools.gnu-tools-for-stm32.13.3.rel1.win32_1.0.0.202411081344/tools/bin/../lib/gcc/arm-none-eabi/13.3.1/../../../../arm-none-eabi/lib/thumb/v7e-m+fp/hard\libc_nano.a(libc_a-impure.o)
 .ARM.attributes
                0x00000863       0x34 C:/ST/STM32CubeIDE_1.19.0/STM32CubeIDE/plugins/com.st.stm32cube.ide.mcu.externaltools.gnu-tools-for-stm32.13.3.rel1.win32_1.0.0.202411081344/tools/bin/../lib/gcc/arm-none-eabi/13.3.1/../../../../arm-none-eabi/lib/thumb/v7e-m+fp/hard\libc_nano.a(libc_a-lseekr.o)
 .ARM.attributes
                0x00000897       0x34 C:/ST/STM32CubeIDE_1.19.0/STM32CubeIDE/plugins/com.st.stm32cube.ide.mcu.externaltools.gnu-tools-for-stm32.13.3.rel1.win32_1.0.0.202411081344/tools/bin/../lib/gcc/arm-none-eabi/13.3.1/../../../../arm-none-eabi/lib/thumb/v7e-m+fp/hard\libc_nano.a(libc_a-readr.o)
 .ARM.attributes
                0x000008cb       0x34 C:/ST/STM32CubeIDE_1.19.0/STM32CubeIDE/plugins/com.st.stm32cube.ide.mcu.externaltools.gnu-tools-for-stm32.13.3.rel1.win32_1.0.0.202411081344/tools/bin/../lib/gcc/arm-none-eabi/13.3.1/../../../../arm-none-eabi/lib/thumb/v7e-m+fp/hard\libc_nano.a(libc_a-sbrkr.o)
 .ARM.attributes
                0x000008ff       0x34 C:/ST/STM32CubeIDE_1.19.0/STM32CubeIDE/plugins/com.st.stm32cube.ide.mcu.externaltools.gnu-tools-for-stm32.13.3.rel1.win32_1.0.0.202411081344/tools/bin/../lib/gcc/arm-none-eabi/13.3.1/../../../../arm-none-eabi/lib/thumb/v7e-m+fp/hard\libc_nano.a(libc_a-writer.o)
 .ARM.attributes
                0x00000933       0x34 C:/ST/STM32CubeIDE_1.19.0/STM32CubeIDE/plugins/com.st.stm32cube.ide.mcu.externaltools.gnu-tools-for-stm32.13.3.rel1.win32_1.0.0.202411081344/tools/bin/../lib/gcc/arm-none-eabi/13.3.1/../../../../arm-none-eabi/lib/thumb/v7e-m+fp/hard\libc_nano.a(libc_a-errno.o)
 .ARM.attributes
                0x00000967       0x34 C:/ST/STM32CubeIDE_1.19.0/STM32CubeIDE/plugins/com.st.stm32cube.ide.mcu.externaltools.gnu-tools-for-stm32.13.3.rel1.win32_1.0.0.202411081344/tools/bin/../lib/gcc/arm-none-eabi/13.3.1/../../../../arm-none-eabi/lib/thumb/v7e-m+fp/hard\libc_nano.a(libc_a-init.o)
 .ARM.attributes
                0x0000099b       0x34 C:/ST/STM32CubeIDE_1.19.0/STM32CubeIDE/plugins/com.st.stm32cube.ide.mcu.externaltools.gnu-tools-for-stm32.13.3.rel1.win32_1.0.0.202411081344/tools/bin/../lib/gcc/arm-none-eabi/13.3.1/../../../../arm-none-eabi/lib/thumb/v7e-m+fp/hard\libc_nano.a(libc_a-lock.o)
 .ARM.attributes
                0x000009cf       0x34 C:/ST/STM32CubeIDE_1.19.0/STM32CubeIDE/plugins/com.st.stm32cube.ide.mcu.externaltools.gnu-tools-for-stm32.13.3.rel1.win32_1.0.0.202411081344/tools/bin/../lib/gcc/arm-none-eabi/13.3.1/../../../../arm-none-eabi/lib/thumb/v7e-m+fp/hard\libc_nano.a(libc_a-memcpy-stub.o)
 .ARM.attributes