../Core/Src/main.c:169:5:_write	24	static
../Core/Src/main.c:184:13:mode_to_string	16	static
../Core/Src/main.c:197:6:print_hex	32	static
../Core/Src/main.c:212:7:read_voltage_mv	16	static
../Core/Src/main.c:222:6:HAL_GPIO_EXTI_Callback	16	static
../Core/Src/main.c:256:12:add_pkcs7_padding	32	static
../Core/Src/main.c:274:16:calculate_checksum	24	static
../Core/Src/main.c:286:13:generate_random_iv	24	static
../Core/Src/main.c:301:12:aes_encrypt_data	600	static
../Core/Src/main.c:350:12:chacha20_encrypt_data	176	static
../Core/Src/main.c:399:5:create_encrypted_frame	56	static
../Core/Src/main.c:432:5:main	168	static
../Core/Src/main.c:517:6:SystemClock_Config	88	static
../Core/Src/main.c:556:13:MX_ADC1_Init	24	static
../Core/Src/main.c:589:13:MX_USART2_UART_Init	8	static
../Core/Src/main.c:608:13:MX_GPIO_Init	48	static
../Core/Src/main.c:649:6:ADCReadTask	40	static
../Core/Src/main.c:692:6:AESTask	488	static
../Core/Src/main.c:777:6:ChaCha20Task	488	static
../Core/Src/main.c:862:6:UARTTransmitTask	184	static
../Core/Src/main.c:924:6:vApplicationStackOverflowHook	24	static,ignoring_inline_asm
../Core/Src/main.c:944:6:Error_Handler	8	static,ignoring_inline_asm
